../User/NRF24L01/nrf24l01.c:23:6:delay_us	0	static
../User/NRF24L01/nrf24l01.c:35:6:NRF24L01_Init	8	static
../User/NRF24L01/nrf24l01.c:45:15:nRF24_SPI_Send_Byte	32	static
../User/NRF24L01/nrf24l01.c:53:15:NRF24L01_Write_Reg	16	static
../User/NRF24L01/nrf24l01.c:63:15:NRF24L01_Read_Reg	16	static
../User/NRF24L01/nrf24l01.c:75:15:NRF24L01_Read_Buf	24	static
../User/NRF24L01/nrf24l01.c:88:15:NRF24L01_Write_Buf	24	static
../User/NRF24L01/nrf24l01.c:101:15:NRF24L01_TxPacket	8	static
../User/NRF24L01/nrf24l01.c:129:15:NRF24L01_RxPacket	16	static
../User/NRF24L01/nrf24l01.c:151:6:RX_Mode	8	static
../User/NRF24L01/nrf24l01.c:178:6:TX_Mode	16	static
../User/NRF24L01/nrf24l01.c:205:15:NRF24L01_Check	24	static
../User/NRF24L01/nrf24l01.c:224:6:NRF24L01_TX_Start	8	static
