../User/Src/lcd_169.c:41:6:LCD_WriteCommand	16	static
../User/Src/lcd_169.c:57:6:LCD_WriteData_8bit	16	static
../User/Src/lcd_169.c:73:6:LCD_WriteData_16bit	24	static
../User/Src/lcd_169.c:93:6:LCD_WriteBuff	16	static
../User/Src/lcd_169.c:115:6:LCD_Init	8	static
../User/Src/lcd_169.c:222:6:LCD_SetAddress	24	static
../User/Src/lcd_169.c:247:6:LCD_SetColor	24	static
../User/Src/lcd_169.c:270:6:LCD_SetBackColor	24	static
../User/Src/lcd_169.c:293:6:LCD_SetDirection	16	static
../User/Src/lcd_169.c:347:6:LCD_SetAsciiFont	16	static
../User/Src/lcd_169.c:361:6:LCD_Clear	8	static
../User/Src/lcd_169.c:393:6:LCD_ClearRect	24	static
../User/Src/lcd_169.c:423:6:LCD_DrawPoint	16	static
../User/Src/lcd_169.c:446:6:LCD_DisplayChar	40	static
../User/Src/lcd_169.c:496:6:LCD_DisplayString	16	static
../User/Src/lcd_169.c:521:6:LCD_SetTextFont	16	static
../User/Src/lcd_169.c:561:6:LCD_DisplayChinese	40	static
../User/Src/lcd_169.c:627:6:LCD_DisplayText	16	static
../User/Src/lcd_169.c:659:6:LCD_ShowNumMode	16	static
../User/Src/lcd_169.c:682:6:LCD_DisplayNumber	40	static
../User/Src/lcd_169.c:722:6:LCD_DisplayDecimals	64	static
../User/Src/lcd_169.c:755:6:LCD_DrawLine	56	static
../User/Src/lcd_169.c:836:6:LCD_DrawLine_V	24	static
../User/Src/lcd_169.c:864:6:LCD_DrawLine_H	24	static
../User/Src/lcd_169.c:891:6:LCD_DrawRect	24	static
../User/Src/lcd_169.c:916:6:LCD_DrawCircle	32	static
../User/Src/lcd_169.c:954:6:LCD_DrawEllipse	56	static
../User/Src/lcd_169.c:1024:6:LCD_FillCircle	32	static
../User/Src/lcd_169.c:1079:6:LCD_FillRect	24	static
../User/Src/lcd_169.c:1112:6:LCD_DrawImage	40	static
../User/Src/lcd_169.c:1183:6:LCD_CopyBuffer	24	static
../User/Src/lcd_169.c:1219:19:LCD_SPI_WaitOnFlagUntilTimeout	24	static
../User/Src/lcd_169.c:1241:6:LCD_SPI_CloseTransfer	24	static
../User/Src/lcd_169.c:1303:19:LCD_SPI_Transmit	56	static
../User/Src/lcd_169.c:1435:19:LCD_SPI_TransmitBuffer	48	static
