18:09:41 **** Incremental Build of configuration Debug for project CubeMX_STM32F103C8T6 ****
make -j4 all 
arm-none-eabi-gcc "../Core/Src/main.c" -mcpu=cortex-m3 -std=gnu11 -g3 -DDEBUG -DUSE_HAL_DRIVER -DSTM32F103xB -c -I../Core/Inc -I../Drivers/STM32F1xx_HAL_Driver/Inc/Legacy -I../Drivers/STM32F1xx_HAL_Driver/Inc -I../Drivers/CMSIS/Device/ST/STM32F1xx/Include -I../Drivers/CMSIS/Include -O0 -ffunction-sections -fdata-sections -Wall -fstack-usage -fcyclomatic-complexity -MMD -MP -MF"Core/Src/main.d" -MT"Core/Src/main.o" --specs=nano.specs -mfloat-abi=soft -mthumb -o "Core/Src/main.o"
../Core/Src/main.c: In function 'main':
../Core/Src/main.c:140:36: warning: format '%d' expects argument of type 'int', but argument 2 has type 'uint8_t *' {aka 'unsigned char *'} [-Wformat=]
  140 |       printf("Adjusted_ADC_Data():%d\r\n", Adjusted_ADC_Data());
      |                                   ~^       ~~~~~~~~~~~~~~~~~~~
      |                                    |       |
      |                                    int     uint8_t * {aka unsigned char *}
      |                                   %hhn
arm-none-eabi-gcc -o "CubeMX_STM32F103C8T6.elf" @"objects.list"   -mcpu=cortex-m3 -T"C:\Users\YellowWenJie\STM32Cube\WorkSpace\CubeMX_STM32F103C8T6\STM32F103C8TX_FLASH.ld" --specs=nosys.specs -Wl,-Map="CubeMX_STM32F103C8T6.map" -Wl,--gc-sections -static --specs=nano.specs -mfloat-abi=soft -mthumb -Wl,--start-group -lc -lm -Wl,--end-group
Finished building target: CubeMX_STM32F103C8T6.elf
 
arm-none-eabi-size  CubeMX_STM32F103C8T6.elf 
arm-none-eabi-objdump -h -S CubeMX_STM32F103C8T6.elf  > "CubeMX_STM32F103C8T6.list"
   text	   data	    bss	    dec	    hex	filename
  25308	    112	   2832	  28252	   6e5c	CubeMX_STM32F103C8T6.elf
Finished building: default.size.stdout
 
Finished building: CubeMX_STM32F103C8T6.list
 

18:09:42 Build Finished. 0 errors, 1 warnings. (took 1s.316ms)

