22:38:49 **** Incremental Build of configuration Debug for project CubeMX_STM32F407VET6 ****
make -j4 all 
arm-none-eabi-gcc "../User/JOY/joy.c" -mcpu=cortex-m4 -std=gnu11 -g3 -DDEBUG -DUSE_HAL_DRIVER -DSTM32F407xx -c -I../Core/Inc -I../Drivers/STM32F4xx_HAL_Driver/Inc -I../Drivers/STM32F4xx_HAL_Driver/Inc/Legacy -I../Drivers/CMSIS/Device/ST/STM32F4xx/Include -I../Drivers/CMSIS/Include -O0 -ffunction-sections -fdata-sections -Wall -fstack-usage -fcyclomatic-complexity -MMD -MP -MF"User/JOY/joy.d" -MT"User/JOY/joy.o" --specs=nano.specs -mfpu=fpv4-sp-d16 -mfloat-abi=hard -mthumb -o "User/JOY/joy.o"
../User/JOY/joy.c: In function 'Joystick_Data':
../User/JOY/joy.c:55:10: warning: function returns address of local variable [-Wreturn-local-addr]
   55 |   return Joystick_Value;
      |          ^~~~~~~~~~~~~~
arm-none-eabi-gcc -o "CubeMX_STM32F407VET6.elf" @"objects.list"   -mcpu=cortex-m4 -T"C:\Users\YellowWenJie\STM32Cube\WorkSpace\CubeMX_STM32F407VET6\STM32F407VETX_FLASH.ld" --specs=nosys.specs -Wl,-Map="CubeMX_STM32F407VET6.map" -Wl,--gc-sections -static --specs=nano.specs -mfpu=fpv4-sp-d16 -mfloat-abi=hard -mthumb -Wl,--start-group -lc -lm -Wl,--end-group
Finished building target: CubeMX_STM32F407VET6.elf
 
arm-none-eabi-size  CubeMX_STM32F407VET6.elf 
arm-none-eabi-objdump -h -S CubeMX_STM32F407VET6.elf  > "CubeMX_STM32F407VET6.list"
   text	   data	    bss	    dec	    hex	filename
  27776	    140	   2468	  30384	   76b0	CubeMX_STM32F407VET6.elf
Finished building: default.size.stdout
 
Finished building: CubeMX_STM32F407VET6.list
 
22:39:12 **** Incremental Build of configuration Debug for project CubeMX_STM32F407VET6 ****
make -j4 all 
arm-none-eabi-size  CubeMX_STM32F407VET6.elf 
   text	   data	    bss	    dec	    hex	filename
  27776	    140	   2468	  30384	   76b0	CubeMX_STM32F407VET6.elf
Finished building: default.size.stdout
 
22:39:26 **** Incremental Build of configuration Debug for project CubeMX_STM32F407VET6 ****
make -j4 all 
arm-none-eabi-size  CubeMX_STM32F407VET6.elf 
   text	   data	    bss	    dec	    hex	filename
  27776	    140	   2468	  30384	   76b0	CubeMX_STM32F407VET6.elf
Finished building: default.size.stdout
 
