18:31:03 **** Clean-only build of configuration Debug for project CubeMX_STM32H750VBT6 ****
make -j4 clean 
rm -rf ./User/Src/lcd_169.cyclo ./User/Src/lcd_169.d ./User/Src/lcd_169.o ./User/Src/lcd_169.su ./User/Src/lcd_fonts.cyclo ./User/Src/lcd_fonts.d ./User/Src/lcd_fonts.o ./User/Src/lcd_fonts.su ./User/Src/lcd_image.cyclo ./User/Src/lcd_image.d ./User/Src/lcd_image.o ./User/Src/lcd_image.su ./User/Src/led.cyclo ./User/Src/led.d ./User/Src/led.o ./User/Src/led.su ./User/Src/lvgl_app.cyclo ./User/Src/lvgl_app.d ./User/Src/lvgl_app.o ./User/Src/lvgl_app.su
rm -rf ./Middleware/LVGL/src/widgets/win/lv_win.cyclo ./Middleware/LVGL/src/widgets/win/lv_win.d ./Middleware/LVGL/src/widgets/win/lv_win.o ./Middleware/LVGL/src/widgets/win/lv_win.su
rm -rf ./Middleware/LVGL/src/widgets/tileview/lv_tileview.cyclo ./Middleware/LVGL/src/widgets/tileview/lv_tileview.d ./Middleware/LVGL/src/widgets/tileview/lv_tileview.o ./Middleware/LVGL/src/widgets/tileview/lv_tileview.su
rm -rf ./Middleware/LVGL/src/widgets/textarea/lv_textarea.cyclo ./Middleware/LVGL/src/widgets/textarea/lv_textarea.d ./Middleware/LVGL/src/widgets/textarea/lv_textarea.o ./Middleware/LVGL/src/widgets/textarea/lv_textarea.su
rm -rf ./Middleware/LVGL/src/widgets/tabview/lv_tabview.cyclo ./Middleware/LVGL/src/widgets/tabview/lv_tabview.d ./Middleware/LVGL/src/widgets/tabview/lv_tabview.o ./Middleware/LVGL/src/widgets/tabview/lv_tabview.su
rm -rf ./Middleware/LVGL/src/widgets/table/lv_table.cyclo ./Middleware/LVGL/src/widgets/table/lv_table.d ./Middleware/LVGL/src/widgets/table/lv_table.o ./Middleware/LVGL/src/widgets/table/lv_table.su
rm -rf ./Middleware/LVGL/src/widgets/switch/lv_switch.cyclo ./Middleware/LVGL/src/widgets/switch/lv_switch.d ./Middleware/LVGL/src/widgets/switch/lv_switch.o ./Middleware/LVGL/src/widgets/switch/lv_switch.su
rm -rf ./Middleware/LVGL/src/widgets/spinner/lv_spinner.cyclo ./Middleware/LVGL/src/widgets/spinner/lv_spinner.d ./Middleware/LVGL/src/widgets/spinner/lv_spinner.o ./Middleware/LVGL/src/widgets/spinner/lv_spinner.su
rm -rf ./Middleware/LVGL/src/widgets/spinbox/lv_spinbox.cyclo ./Middleware/LVGL/src/widgets/spinbox/lv_spinbox.d ./Middleware/LVGL/src/widgets/spinbox/lv_spinbox.o ./Middleware/LVGL/src/widgets/spinbox/lv_spinbox.su
rm -rf ./Middleware/LVGL/src/widgets/span/lv_span.cyclo ./Middleware/LVGL/src/widgets/span/lv_span.d ./Middleware/LVGL/src/widgets/span/lv_span.o ./Middleware/LVGL/src/widgets/span/lv_span.su
rm -rf ./Middleware/LVGL/src/widgets/slider/lv_slider.cyclo ./Middleware/LVGL/src/widgets/slider/lv_slider.d ./Middleware/LVGL/src/widgets/slider/lv_slider.o ./Middleware/LVGL/src/widgets/slider/lv_slider.su
rm -rf ./Middleware/LVGL/src/widgets/scale/lv_scale.cyclo ./Middleware/LVGL/src/widgets/scale/lv_scale.d ./Middleware/LVGL/src/widgets/scale/lv_scale.o ./Middleware/LVGL/src/widgets/scale/lv_scale.su
rm -rf ./Middleware/LVGL/src/widgets/roller/lv_roller.cyclo ./Middleware/LVGL/src/widgets/roller/lv_roller.d ./Middleware/LVGL/src/widgets/roller/lv_roller.o ./Middleware/LVGL/src/widgets/roller/lv_roller.su
rm -rf ./Middleware/LVGL/src/widgets/objx_templ/lv_objx_templ.cyclo ./Middleware/LVGL/src/widgets/objx_templ/lv_objx_templ.d ./Middleware/LVGL/src/widgets/objx_templ/lv_objx_templ.o ./Middleware/LVGL/src/widgets/objx_templ/lv_objx_templ.su
rm -rf ./Middleware/LVGL/src/widgets/msgbox/lv_msgbox.cyclo ./Middleware/LVGL/src/widgets/msgbox/lv_msgbox.d ./Middleware/LVGL/src/widgets/msgbox/lv_msgbox.o ./Middleware/LVGL/src/widgets/msgbox/lv_msgbox.su
rm -rf ./Middleware/LVGL/src/widgets/menu/lv_menu.cyclo ./Middleware/LVGL/src/widgets/menu/lv_menu.d ./Middleware/LVGL/src/widgets/menu/lv_menu.o ./Middleware/LVGL/src/widgets/menu/lv_menu.su
rm -rf ./Middleware/LVGL/src/widgets/list/lv_list.cyclo ./Middleware/LVGL/src/widgets/list/lv_list.d ./Middleware/LVGL/src/widgets/list/lv_list.o ./Middleware/LVGL/src/widgets/list/lv_list.su
rm -rf ./Middleware/LVGL/src/widgets/line/lv_line.cyclo ./Middleware/LVGL/src/widgets/line/lv_line.d ./Middleware/LVGL/src/widgets/line/lv_line.o ./Middleware/LVGL/src/widgets/line/lv_line.su
rm -rf ./Middleware/LVGL/src/widgets/led/lv_led.cyclo ./Middleware/LVGL/src/widgets/led/lv_led.d ./Middleware/LVGL/src/widgets/led/lv_led.o ./Middleware/LVGL/src/widgets/led/lv_led.su
rm -rf ./Middleware/LVGL/src/widgets/label/lv_label.cyclo ./Middleware/LVGL/src/widgets/label/lv_label.d ./Middleware/LVGL/src/widgets/label/lv_label.o ./Middleware/LVGL/src/widgets/label/lv_label.su
rm -rf ./Middleware/LVGL/src/widgets/keyboard/lv_keyboard.cyclo ./Middleware/LVGL/src/widgets/keyboard/lv_keyboard.d ./Middleware/LVGL/src/widgets/keyboard/lv_keyboard.o ./Middleware/LVGL/src/widgets/keyboard/lv_keyboard.su
rm -rf ./Middleware/LVGL/src/widgets/imagebutton/lv_imagebutton.cyclo ./Middleware/LVGL/src/widgets/imagebutton/lv_imagebutton.d ./Middleware/LVGL/src/widgets/imagebutton/lv_imagebutton.o ./Middleware/LVGL/src/widgets/imagebutton/lv_imagebutton.su
rm -rf ./Middleware/LVGL/src/widgets/image/lv_image.cyclo ./Middleware/LVGL/src/widgets/image/lv_image.d ./Middleware/LVGL/src/widgets/image/lv_image.o ./Middleware/LVGL/src/widgets/image/lv_image.su
rm -rf ./Middleware/LVGL/src/widgets/dropdown/lv_dropdown.cyclo ./Middleware/LVGL/src/widgets/dropdown/lv_dropdown.d ./Middleware/LVGL/src/widgets/dropdown/lv_dropdown.o ./Middleware/LVGL/src/widgets/dropdown/lv_dropdown.su
rm -rf ./Middleware/LVGL/src/widgets/checkbox/lv_checkbox.cyclo ./Middleware/LVGL/src/widgets/checkbox/lv_checkbox.d ./Middleware/LVGL/src/widgets/checkbox/lv_checkbox.o ./Middleware/LVGL/src/widgets/checkbox/lv_checkbox.su
rm -rf ./Middleware/LVGL/src/widgets/chart/lv_chart.cyclo ./Middleware/LVGL/src/widgets/chart/lv_chart.d ./Middleware/LVGL/src/widgets/chart/lv_chart.o ./Middleware/LVGL/src/widgets/chart/lv_chart.su
rm -rf ./Middleware/LVGL/src/widgets/canvas/lv_canvas.cyclo ./Middleware/LVGL/src/widgets/canvas/lv_canvas.d ./Middleware/LVGL/src/widgets/canvas/lv_canvas.o ./Middleware/LVGL/src/widgets/canvas/lv_canvas.su
rm -rf ./Middleware/LVGL/src/widgets/calendar/lv_calendar.cyclo ./Middleware/LVGL/src/widgets/calendar/lv_calendar.d ./Middleware/LVGL/src/widgets/calendar/lv_calendar.o ./Middleware/LVGL/src/widgets/calendar/lv_calendar.su ./Middleware/LVGL/src/widgets/calendar/lv_calendar_header_arrow.cyclo ./Middleware/LVGL/src/widgets/calendar/lv_calendar_header_arrow.d ./Middleware/LVGL/src/widgets/calendar/lv_calendar_header_arrow.o ./Middleware/LVGL/src/widgets/calendar/lv_calendar_header_arrow.su ./Middleware/LVGL/src/widgets/calendar/lv_calendar_header_dropdown.cyclo ./Middleware/LVGL/src/widgets/calendar/lv_calendar_header_dropdown.d ./Middleware/LVGL/src/widgets/calendar/lv_calendar_header_dropdown.o ./Middleware/LVGL/src/widgets/calendar/lv_calendar_header_dropdown.su
rm -rf ./Middleware/LVGL/src/widgets/buttonmatrix/lv_buttonmatrix.cyclo ./Middleware/LVGL/src/widgets/buttonmatrix/lv_buttonmatrix.d ./Middleware/LVGL/src/widgets/buttonmatrix/lv_buttonmatrix.o ./Middleware/LVGL/src/widgets/buttonmatrix/lv_buttonmatrix.su
rm -rf ./Middleware/LVGL/src/widgets/button/lv_button.cyclo ./Middleware/LVGL/src/widgets/button/lv_button.d ./Middleware/LVGL/src/widgets/button/lv_button.o ./Middleware/LVGL/src/widgets/button/lv_button.su
rm -rf ./Middleware/LVGL/src/widgets/bar/lv_bar.cyclo ./Middleware/LVGL/src/widgets/bar/lv_bar.d ./Middleware/LVGL/src/widgets/bar/lv_bar.o ./Middleware/LVGL/src/widgets/bar/lv_bar.su
rm -rf ./Middleware/LVGL/src/widgets/arc/lv_arc.cyclo ./Middleware/LVGL/src/widgets/arc/lv_arc.d ./Middleware/LVGL/src/widgets/arc/lv_arc.o ./Middleware/LVGL/src/widgets/arc/lv_arc.su
rm -rf ./Middleware/LVGL/src/widgets/animimage/lv_animimage.cyclo ./Middleware/LVGL/src/widgets/animimage/lv_animimage.d ./Middleware/LVGL/src/widgets/animimage/lv_animimage.o ./Middleware/LVGL/src/widgets/animimage/lv_animimage.su
rm -rf ./Middleware/LVGL/src/tick/lv_tick.cyclo ./Middleware/LVGL/src/tick/lv_tick.d ./Middleware/LVGL/src/tick/lv_tick.o ./Middleware/LVGL/src/tick/lv_tick.su
rm -rf ./Middleware/LVGL/src/themes/simple/lv_theme_simple.cyclo ./Middleware/LVGL/src/themes/simple/lv_theme_simple.d ./Middleware/LVGL/src/themes/simple/lv_theme_simple.o ./Middleware/LVGL/src/themes/simple/lv_theme_simple.su
rm -rf ./Middleware/LVGL/src/themes/mono/lv_theme_mono.cyclo ./Middleware/LVGL/src/themes/mono/lv_theme_mono.d ./Middleware/LVGL/src/themes/mono/lv_theme_mono.o ./Middleware/LVGL/src/themes/mono/lv_theme_mono.su
rm -rf ./Middleware/LVGL/src/themes/default/lv_theme_default.cyclo ./Middleware/LVGL/src/themes/default/lv_theme_default.d ./Middleware/LVGL/src/themes/default/lv_theme_default.o ./Middleware/LVGL/src/themes/default/lv_theme_default.su
rm -rf ./Middleware/LVGL/src/themes/lv_theme.cyclo ./Middleware/LVGL/src/themes/lv_theme.d ./Middleware/LVGL/src/themes/lv_theme.o ./Middleware/LVGL/src/themes/lv_theme.su
rm -rf ./Middleware/LVGL/src/stdlib/rtthread/lv_mem_core_rtthread.cyclo ./Middleware/LVGL/src/stdlib/rtthread/lv_mem_core_rtthread.d ./Middleware/LVGL/src/stdlib/rtthread/lv_mem_core_rtthread.o ./Middleware/LVGL/src/stdlib/rtthread/lv_mem_core_rtthread.su ./Middleware/LVGL/src/stdlib/rtthread/lv_sprintf_rtthread.cyclo ./Middleware/LVGL/src/stdlib/rtthread/lv_sprintf_rtthread.d ./Middleware/LVGL/src/stdlib/rtthread/lv_sprintf_rtthread.o ./Middleware/LVGL/src/stdlib/rtthread/lv_sprintf_rtthread.su ./Middleware/LVGL/src/stdlib/rtthread/lv_string_rtthread.cyclo ./Middleware/LVGL/src/stdlib/rtthread/lv_string_rtthread.d ./Middleware/LVGL/src/stdlib/rtthread/lv_string_rtthread.o ./Middleware/LVGL/src/stdlib/rtthread/lv_string_rtthread.su
rm -rf ./Middleware/LVGL/src/stdlib/micropython/lv_mem_core_micropython.cyclo ./Middleware/LVGL/src/stdlib/micropython/lv_mem_core_micropython.d ./Middleware/LVGL/src/stdlib/micropython/lv_mem_core_micropython.o ./Middleware/LVGL/src/stdlib/micropython/lv_mem_core_micropython.su
rm -rf ./Middleware/LVGL/src/stdlib/clib/lv_mem_core_clib.cyclo ./Middleware/LVGL/src/stdlib/clib/lv_mem_core_clib.d ./Middleware/LVGL/src/stdlib/clib/lv_mem_core_clib.o ./Middleware/LVGL/src/stdlib/clib/lv_mem_core_clib.su ./Middleware/LVGL/src/stdlib/clib/lv_sprintf_clib.cyclo ./Middleware/LVGL/src/stdlib/clib/lv_sprintf_clib.d ./Middleware/LVGL/src/stdlib/clib/lv_sprintf_clib.o ./Middleware/LVGL/src/stdlib/clib/lv_sprintf_clib.su ./Middleware/LVGL/src/stdlib/clib/lv_string_clib.cyclo ./Middleware/LVGL/src/stdlib/clib/lv_string_clib.d ./Middleware/LVGL/src/stdlib/clib/lv_string_clib.o ./Middleware/LVGL/src/stdlib/clib/lv_string_clib.su
rm -rf ./Middleware/LVGL/src/stdlib/builtin/lv_mem_core_builtin.cyclo ./Middleware/LVGL/src/stdlib/builtin/lv_mem_core_builtin.d ./Middleware/LVGL/src/stdlib/builtin/lv_mem_core_builtin.o ./Middleware/LVGL/src/stdlib/builtin/lv_mem_core_builtin.su ./Middleware/LVGL/src/stdlib/builtin/lv_sprintf_builtin.cyclo ./Middleware/LVGL/src/stdlib/builtin/lv_sprintf_builtin.d ./Middleware/LVGL/src/stdlib/builtin/lv_sprintf_builtin.o ./Middleware/LVGL/src/stdlib/builtin/lv_sprintf_builtin.su ./Middleware/LVGL/src/stdlib/builtin/lv_string_builtin.cyclo ./Middleware/LVGL/src/stdlib/builtin/lv_string_builtin.d ./Middleware/LVGL/src/stdlib/builtin/lv_string_builtin.o ./Middleware/LVGL/src/stdlib/builtin/lv_string_builtin.su ./Middleware/LVGL/src/stdlib/builtin/lv_tlsf.cyclo ./Middleware/LVGL/src/stdlib/builtin/lv_tlsf.d ./Middleware/LVGL/src/stdlib/builtin/lv_tlsf.o ./Middleware/LVGL/src/stdlib/builtin/lv_tlsf.su
rm -rf ./Middleware/LVGL/src/stdlib/lv_mem.cyclo ./Middleware/LVGL/src/stdlib/lv_mem.d ./Middleware/LVGL/src/stdlib/lv_mem.o ./Middleware/LVGL/src/stdlib/lv_mem.su
rm -rf ./Middleware/LVGL/src/others/vg_lite_tvg/vg_lite_matrix.cyclo ./Middleware/LVGL/src/others/vg_lite_tvg/vg_lite_matrix.d ./Middleware/LVGL/src/others/vg_lite_tvg/vg_lite_matrix.o ./Middleware/LVGL/src/others/vg_lite_tvg/vg_lite_matrix.su
rm -rf ./Middleware/LVGL/src/others/sysmon/lv_sysmon.cyclo ./Middleware/LVGL/src/others/sysmon/lv_sysmon.d ./Middleware/LVGL/src/others/sysmon/lv_sysmon.o ./Middleware/LVGL/src/others/sysmon/lv_sysmon.su
rm -rf ./Middleware/LVGL/src/others/snapshot/lv_snapshot.cyclo ./Middleware/LVGL/src/others/snapshot/lv_snapshot.d ./Middleware/LVGL/src/others/snapshot/lv_snapshot.o ./Middleware/LVGL/src/others/snapshot/lv_snapshot.su
rm -rf ./Middleware/LVGL/src/others/observer/lv_observer.cyclo ./Middleware/LVGL/src/others/observer/lv_observer.d ./Middleware/LVGL/src/others/observer/lv_observer.o ./Middleware/LVGL/src/others/observer/lv_observer.su
rm -rf ./Middleware/LVGL/src/others/monkey/lv_monkey.cyclo ./Middleware/LVGL/src/others/monkey/lv_monkey.d ./Middleware/LVGL/src/others/monkey/lv_monkey.o ./Middleware/LVGL/src/others/monkey/lv_monkey.su
rm -rf ./Middleware/LVGL/src/others/imgfont/lv_imgfont.cyclo ./Middleware/LVGL/src/others/imgfont/lv_imgfont.d ./Middleware/LVGL/src/others/imgfont/lv_imgfont.o ./Middleware/LVGL/src/others/imgfont/lv_imgfont.su
rm -rf ./Middleware/LVGL/src/others/ime/lv_ime_pinyin.cyclo ./Middleware/LVGL/src/others/ime/lv_ime_pinyin.d ./Middleware/LVGL/src/others/ime/lv_ime_pinyin.o ./Middleware/LVGL/src/others/ime/lv_ime_pinyin.su
rm -rf ./Middleware/LVGL/src/others/gridnav/lv_gridnav.cyclo ./Middleware/LVGL/src/others/gridnav/lv_gridnav.d ./Middleware/LVGL/src/others/gridnav/lv_gridnav.o ./Middleware/LVGL/src/others/gridnav/lv_gridnav.su
rm -rf ./Middleware/LVGL/src/others/fragment/lv_fragment.cyclo ./Middleware/LVGL/src/others/fragment/lv_fragment.d ./Middleware/LVGL/src/others/fragment/lv_fragment.o ./Middleware/LVGL/src/others/fragment/lv_fragment.su ./Middleware/LVGL/src/others/fragment/lv_fragment_manager.cyclo ./Middleware/LVGL/src/others/fragment/lv_fragment_manager.d ./Middleware/LVGL/src/others/fragment/lv_fragment_manager.o ./Middleware/LVGL/src/others/fragment/lv_fragment_manager.su
rm -rf ./Middleware/LVGL/src/others/file_explorer/lv_file_explorer.cyclo ./Middleware/LVGL/src/others/file_explorer/lv_file_explorer.d ./Middleware/LVGL/src/others/file_explorer/lv_file_explorer.o ./Middleware/LVGL/src/others/file_explorer/lv_file_explorer.su
rm -rf ./Middleware/LVGL/src/osal/lv_cmsis_rtos2.cyclo ./Middleware/LVGL/src/osal/lv_cmsis_rtos2.d ./Middleware/LVGL/src/osal/lv_cmsis_rtos2.o ./Middleware/LVGL/src/osal/lv_cmsis_rtos2.su ./Middleware/LVGL/src/osal/lv_freertos.cyclo ./Middleware/LVGL/src/osal/lv_freertos.d ./Middleware/LVGL/src/osal/lv_freertos.o ./Middleware/LVGL/src/osal/lv_freertos.su ./Middleware/LVGL/src/osal/lv_os_none.cyclo ./Middleware/LVGL/src/osal/lv_os_none.d ./Middleware/LVGL/src/osal/lv_os_none.o ./Middleware/LVGL/src/osal/lv_os_none.su ./Middleware/LVGL/src/osal/lv_pthread.cyclo ./Middleware/LVGL/src/osal/lv_pthread.d ./Middleware/LVGL/src/osal/lv_pthread.o ./Middleware/LVGL/src/osal/lv_pthread.su ./Middleware/LVGL/src/osal/lv_rtthread.cyclo ./Middleware/LVGL/src/osal/lv_rtthread.d ./Middleware/LVGL/src/osal/lv_rtthread.o ./Middleware/LVGL/src/osal/lv_rtthread.su ./Middleware/LVGL/src/osal/lv_windows.cyclo ./Middleware/LVGL/src/osal/lv_windows.d ./Middleware/LVGL/src/osal/lv_windows.o ./Middleware/LVGL/src/osal/lv_windows.su
rm -rf ./Middleware/LVGL/src/misc/cache/_lv_cache_lru_rb.cyclo ./Middleware/LVGL/src/misc/cache/_lv_cache_lru_rb.d ./Middleware/LVGL/src/misc/cache/_lv_cache_lru_rb.o ./Middleware/LVGL/src/misc/cache/_lv_cache_lru_rb.su ./Middleware/LVGL/src/misc/cache/lv_cache.cyclo ./Middleware/LVGL/src/misc/cache/lv_cache.d ./Middleware/LVGL/src/misc/cache/lv_cache.o ./Middleware/LVGL/src/misc/cache/lv_cache.su ./Middleware/LVGL/src/misc/cache/lv_cache_entry.cyclo ./Middleware/LVGL/src/misc/cache/lv_cache_entry.d ./Middleware/LVGL/src/misc/cache/lv_cache_entry.o ./Middleware/LVGL/src/misc/cache/lv_cache_entry.su ./Middleware/LVGL/src/misc/cache/lv_image_cache.cyclo ./Middleware/LVGL/src/misc/cache/lv_image_cache.d ./Middleware/LVGL/src/misc/cache/lv_image_cache.o ./Middleware/LVGL/src/misc/cache/lv_image_cache.su
rm -rf ./Middleware/LVGL/src/misc/lv_anim.cyclo ./Middleware/LVGL/src/misc/lv_anim.d ./Middleware/LVGL/src/misc/lv_anim.o ./Middleware/LVGL/src/misc/lv_anim.su ./Middleware/LVGL/src/misc/lv_anim_timeline.cyclo ./Middleware/LVGL/src/misc/lv_anim_timeline.d ./Middleware/LVGL/src/misc/lv_anim_timeline.o ./Middleware/LVGL/src/misc/lv_anim_timeline.su ./Middleware/LVGL/src/misc/lv_area.cyclo ./Middleware/LVGL/src/misc/lv_area.d ./Middleware/LVGL/src/misc/lv_area.o ./Middleware/LVGL/src/misc/lv_area.su ./Middleware/LVGL/src/misc/lv_array.cyclo ./Middleware/LVGL/src/misc/lv_array.d ./Middleware/LVGL/src/misc/lv_array.o ./Middleware/LVGL/src/misc/lv_array.su ./Middleware/LVGL/src/misc/lv_async.cyclo ./Middleware/LVGL/src/misc/lv_async.d ./Middleware/LVGL/src/misc/lv_async.o ./Middleware/LVGL/src/misc/lv_async.su ./Middleware/LVGL/src/misc/lv_bidi.cyclo ./Middleware/LVGL/src/misc/lv_bidi.d ./Middleware/LVGL/src/misc/lv_bidi.o ./Middleware/LVGL/src/misc/lv_bidi.su ./Middleware/LVGL/src/misc/lv_color.cyclo ./Middleware/LVGL/src/misc/lv_color.d ./Middleware/LVGL/src/misc/lv_color.o ./Middleware/LVGL/src/misc/lv_color.su ./Middleware/LVGL/src/misc/lv_color_op.cyclo ./Middleware/LVGL/src/misc/lv_color_op.d ./Middleware/LVGL/src/misc/lv_color_op.o ./Middleware/LVGL/src/misc/lv_color_op.su ./Middleware/LVGL/src/misc/lv_event.cyclo ./Middleware/LVGL/src/misc/lv_event.d ./Middleware/LVGL/src/misc/lv_event.o ./Middleware/LVGL/src/misc/lv_event.su ./Middleware/LVGL/src/misc/lv_fs.cyclo ./Middleware/LVGL/src/misc/lv_fs.d ./Middleware/LVGL/src/misc/lv_fs.o ./Middleware/LVGL/src/misc/lv_fs.su ./Middleware/LVGL/src/misc/lv_ll.cyclo ./Middleware/LVGL/src/misc/lv_ll.d ./Middleware/LVGL/src/misc/lv_ll.o ./Middleware/LVGL/src/misc/lv_ll.su ./Middleware/LVGL/src/misc/lv_log.cyclo ./Middleware/LVGL/src/misc/lv_log.d ./Middleware/LVGL/src/misc/lv_log.o ./Middleware/LVGL/src/misc/lv_log.su ./Middleware/LVGL/src/misc/lv_lru.cyclo ./Middleware/LVGL/src/misc/lv_lru.d ./Middleware/LVGL/src/misc/lv_lru.o ./Middleware/LVGL/src/misc/lv_lru.su ./Middleware/LVGL/src/misc/lv_math.cyclo ./Middleware/LVGL/src/misc/lv_math.d ./Middleware/LVGL/src/misc/lv_math.o ./Middleware/LVGL/src/misc/lv_math.su ./Middleware/LVGL/src/misc/lv_palette.cyclo ./Middleware/LVGL/src/misc/lv_palette.d ./Middleware/LVGL/src/misc/lv_palette.o ./Middleware/LVGL/src/misc/lv_palette.su ./Middleware/LVGL/src/misc/lv_profiler_builtin.cyclo ./Middleware/LVGL/src/misc/lv_profiler_builtin.d ./Middleware/LVGL/src/misc/lv_profiler_builtin.o ./Middleware/LVGL/src/misc/lv_profiler_builtin.su ./Middleware/LVGL/src/misc/lv_rb.cyclo ./Middleware/LVGL/src/misc/lv_rb.d ./Middleware/LVGL/src/misc/lv_rb.o ./Middleware/LVGL/src/misc/lv_rb.su ./Middleware/LVGL/src/misc/lv_style.cyclo ./Middleware/LVGL/src/misc/lv_style.d ./Middleware/LVGL/src/misc/lv_style.o ./Middleware/LVGL/src/misc/lv_style.su ./Middleware/LVGL/src/misc/lv_style_gen.cyclo ./Middleware/LVGL/src/misc/lv_style_gen.d ./Middleware/LVGL/src/misc/lv_style_gen.o ./Middleware/LVGL/src/misc/lv_style_gen.su ./Middleware/LVGL/src/misc/lv_templ.cyclo ./Middleware/LVGL/src/misc/lv_templ.d ./Middleware/LVGL/src/misc/lv_templ.o ./Middleware/LVGL/src/misc/lv_templ.su ./Middleware/LVGL/src/misc/lv_text.cyclo ./Middleware/LVGL/src/misc/lv_text.d ./Middleware/LVGL/src/misc/lv_text.o ./Middleware/LVGL/src/misc/lv_text.su ./Middleware/LVGL/src/misc/lv_text_ap.cyclo ./Middleware/LVGL/src/misc/lv_text_ap.d ./Middleware/LVGL/src/misc/lv_text_ap.o ./Middleware/LVGL/src/misc/lv_text_ap.su ./Middleware/LVGL/src/misc/lv_timer.cyclo ./Middleware/LVGL/src/misc/lv_timer.d ./Middleware/LVGL/src/misc/lv_timer.o ./Middleware/LVGL/src/misc/lv_timer.su ./Middleware/LVGL/src/misc/lv_utils.cyclo ./Middleware/LVGL/src/misc/lv_utils.d ./Middleware/LVGL/src/misc/lv_utils.o ./Middleware/LVGL/src/misc/lv_utils.su
rm -rf ./Middleware/LVGL/src/libs/tjpgd/lv_tjpgd.cyclo ./Middleware/LVGL/src/libs/tjpgd/lv_tjpgd.d ./Middleware/LVGL/src/libs/tjpgd/lv_tjpgd.o ./Middleware/LVGL/src/libs/tjpgd/lv_tjpgd.su ./Middleware/LVGL/src/libs/tjpgd/tjpgd.cyclo ./Middleware/LVGL/src/libs/tjpgd/tjpgd.d ./Middleware/LVGL/src/libs/tjpgd/tjpgd.o ./Middleware/LVGL/src/libs/tjpgd/tjpgd.su
rm -rf ./Middleware/LVGL/src/libs/tiny_ttf/lv_tiny_ttf.cyclo ./Middleware/LVGL/src/libs/tiny_ttf/lv_tiny_ttf.d ./Middleware/LVGL/src/libs/tiny_ttf/lv_tiny_ttf.o ./Middleware/LVGL/src/libs/tiny_ttf/lv_tiny_ttf.su
rm -rf ./Middleware/LVGL/src/libs/rlottie/lv_rlottie.cyclo ./Middleware/LVGL/src/libs/rlottie/lv_rlottie.d ./Middleware/LVGL/src/libs/rlottie/lv_rlottie.o ./Middleware/LVGL/src/libs/rlottie/lv_rlottie.su
rm -rf ./Middleware/LVGL/src/libs/rle/lv_rle.cyclo ./Middleware/LVGL/src/libs/rle/lv_rle.d ./Middleware/LVGL/src/libs/rle/lv_rle.o ./Middleware/LVGL/src/libs/rle/lv_rle.su
rm -rf ./Middleware/LVGL/src/libs/qrcode/lv_qrcode.cyclo ./Middleware/LVGL/src/libs/qrcode/lv_qrcode.d ./Middleware/LVGL/src/libs/qrcode/lv_qrcode.o ./Middleware/LVGL/src/libs/qrcode/lv_qrcode.su ./Middleware/LVGL/src/libs/qrcode/qrcodegen.cyclo ./Middleware/LVGL/src/libs/qrcode/qrcodegen.d ./Middleware/LVGL/src/libs/qrcode/qrcodegen.o ./Middleware/LVGL/src/libs/qrcode/qrcodegen.su
rm -rf ./Middleware/LVGL/src/libs/lz4/lz4.cyclo ./Middleware/LVGL/src/libs/lz4/lz4.d ./Middleware/LVGL/src/libs/lz4/lz4.o ./Middleware/LVGL/src/libs/lz4/lz4.su
rm -rf ./Middleware/LVGL/src/libs/lodepng/lodepng.cyclo ./Middleware/LVGL/src/libs/lodepng/lodepng.d ./Middleware/LVGL/src/libs/lodepng/lodepng.o ./Middleware/LVGL/src/libs/lodepng/lodepng.su ./Middleware/LVGL/src/libs/lodepng/lv_lodepng.cyclo ./Middleware/LVGL/src/libs/lodepng/lv_lodepng.d ./Middleware/LVGL/src/libs/lodepng/lv_lodepng.o ./Middleware/LVGL/src/libs/lodepng/lv_lodepng.su
rm -rf ./Middleware/LVGL/src/libs/libpng/lv_libpng.cyclo ./Middleware/LVGL/src/libs/libpng/lv_libpng.d ./Middleware/LVGL/src/libs/libpng/lv_libpng.o ./Middleware/LVGL/src/libs/libpng/lv_libpng.su
rm -rf ./Middleware/LVGL/src/libs/libjpeg_turbo/lv_libjpeg_turbo.cyclo ./Middleware/LVGL/src/libs/libjpeg_turbo/lv_libjpeg_turbo.d ./Middleware/LVGL/src/libs/libjpeg_turbo/lv_libjpeg_turbo.o ./Middleware/LVGL/src/libs/libjpeg_turbo/lv_libjpeg_turbo.su
rm -rf ./Middleware/LVGL/src/libs/gif/gifdec.cyclo ./Middleware/LVGL/src/libs/gif/gifdec.d ./Middleware/LVGL/src/libs/gif/gifdec.o ./Middleware/LVGL/src/libs/gif/gifdec.su ./Middleware/LVGL/src/libs/gif/lv_gif.cyclo ./Middleware/LVGL/src/libs/gif/lv_gif.d ./Middleware/LVGL/src/libs/gif/lv_gif.o ./Middleware/LVGL/src/libs/gif/lv_gif.su
rm -rf ./Middleware/LVGL/src/libs/fsdrv/lv_fs_cbfs.cyclo ./Middleware/LVGL/src/libs/fsdrv/lv_fs_cbfs.d ./Middleware/LVGL/src/libs/fsdrv/lv_fs_cbfs.o ./Middleware/LVGL/src/libs/fsdrv/lv_fs_cbfs.su ./Middleware/LVGL/src/libs/fsdrv/lv_fs_fatfs.cyclo ./Middleware/LVGL/src/libs/fsdrv/lv_fs_fatfs.d ./Middleware/LVGL/src/libs/fsdrv/lv_fs_fatfs.o ./Middleware/LVGL/src/libs/fsdrv/lv_fs_fatfs.su ./Middleware/LVGL/src/libs/fsdrv/lv_fs_memfs.cyclo ./Middleware/LVGL/src/libs/fsdrv/lv_fs_memfs.d ./Middleware/LVGL/src/libs/fsdrv/lv_fs_memfs.o ./Middleware/LVGL/src/libs/fsdrv/lv_fs_memfs.su ./Middleware/LVGL/src/libs/fsdrv/lv_fs_posix.cyclo ./Middleware/LVGL/src/libs/fsdrv/lv_fs_posix.d ./Middleware/LVGL/src/libs/fsdrv/lv_fs_posix.o ./Middleware/LVGL/src/libs/fsdrv/lv_fs_posix.su ./Middleware/LVGL/src/libs/fsdrv/lv_fs_stdio.cyclo ./Middleware/LVGL/src/libs/fsdrv/lv_fs_stdio.d ./Middleware/LVGL/src/libs/fsdrv/lv_fs_stdio.o ./Middleware/LVGL/src/libs/fsdrv/lv_fs_stdio.su ./Middleware/LVGL/src/libs/fsdrv/lv_fs_win32.cyclo ./Middleware/LVGL/src/libs/fsdrv/lv_fs_win32.d ./Middleware/LVGL/src/libs/fsdrv/lv_fs_win32.o ./Middleware/LVGL/src/libs/fsdrv/lv_fs_win32.su
rm -rf ./Middleware/LVGL/src/libs/freetype/lv_freetype.cyclo ./Middleware/LVGL/src/libs/freetype/lv_freetype.d ./Middleware/LVGL/src/libs/freetype/lv_freetype.o ./Middleware/LVGL/src/libs/freetype/lv_freetype.su ./Middleware/LVGL/src/libs/freetype/lv_freetype_glyph.cyclo ./Middleware/LVGL/src/libs/freetype/lv_freetype_glyph.d ./Middleware/LVGL/src/libs/freetype/lv_freetype_glyph.o ./Middleware/LVGL/src/libs/freetype/lv_freetype_glyph.su ./Middleware/LVGL/src/libs/freetype/lv_freetype_image.cyclo ./Middleware/LVGL/src/libs/freetype/lv_freetype_image.d ./Middleware/LVGL/src/libs/freetype/lv_freetype_image.o ./Middleware/LVGL/src/libs/freetype/lv_freetype_image.su ./Middleware/LVGL/src/libs/freetype/lv_freetype_outline.cyclo ./Middleware/LVGL/src/libs/freetype/lv_freetype_outline.d ./Middleware/LVGL/src/libs/freetype/lv_freetype_outline.o ./Middleware/LVGL/src/libs/freetype/lv_freetype_outline.su ./Middleware/LVGL/src/libs/freetype/lv_ftsystem.cyclo ./Middleware/LVGL/src/libs/freetype/lv_ftsystem.d ./Middleware/LVGL/src/libs/freetype/lv_ftsystem.o ./Middleware/LVGL/src/libs/freetype/lv_ftsystem.su
rm -rf ./Middleware/LVGL/src/libs/ffmpeg/lv_ffmpeg.cyclo ./Middleware/LVGL/src/libs/ffmpeg/lv_ffmpeg.d ./Middleware/LVGL/src/libs/ffmpeg/lv_ffmpeg.o ./Middleware/LVGL/src/libs/ffmpeg/lv_ffmpeg.su
rm -rf ./Middleware/LVGL/src/libs/bmp/lv_bmp.cyclo ./Middleware/LVGL/src/libs/bmp/lv_bmp.d ./Middleware/LVGL/src/libs/bmp/lv_bmp.o ./Middleware/LVGL/src/libs/bmp/lv_bmp.su
rm -rf ./Middleware/LVGL/src/libs/bin_decoder/lv_bin_decoder.cyclo ./Middleware/LVGL/src/libs/bin_decoder/lv_bin_decoder.d ./Middleware/LVGL/src/libs/bin_decoder/lv_bin_decoder.o ./Middleware/LVGL/src/libs/bin_decoder/lv_bin_decoder.su
rm -rf ./Middleware/LVGL/src/libs/barcode/code128.cyclo ./Middleware/LVGL/src/libs/barcode/code128.d ./Middleware/LVGL/src/libs/barcode/code128.o ./Middleware/LVGL/src/libs/barcode/code128.su ./Middleware/LVGL/src/libs/barcode/lv_barcode.cyclo ./Middleware/LVGL/src/libs/barcode/lv_barcode.d ./Middleware/LVGL/src/libs/barcode/lv_barcode.o ./Middleware/LVGL/src/libs/barcode/lv_barcode.su
rm -rf ./Middleware/LVGL/src/layouts/grid/lv_grid.cyclo ./Middleware/LVGL/src/layouts/grid/lv_grid.d ./Middleware/LVGL/src/layouts/grid/lv_grid.o ./Middleware/LVGL/src/layouts/grid/lv_grid.su
rm -rf ./Middleware/LVGL/src/layouts/flex/lv_flex.cyclo ./Middleware/LVGL/src/layouts/flex/lv_flex.d ./Middleware/LVGL/src/layouts/flex/lv_flex.o ./Middleware/LVGL/src/layouts/flex/lv_flex.su
rm -rf ./Middleware/LVGL/src/layouts/lv_layout.cyclo ./Middleware/LVGL/src/layouts/lv_layout.d ./Middleware/LVGL/src/layouts/lv_layout.o ./Middleware/LVGL/src/layouts/lv_layout.su
rm -rf ./Middleware/LVGL/src/indev/lv_indev.cyclo ./Middleware/LVGL/src/indev/lv_indev.d ./Middleware/LVGL/src/indev/lv_indev.o ./Middleware/LVGL/src/indev/lv_indev.su ./Middleware/LVGL/src/indev/lv_indev_scroll.cyclo ./Middleware/LVGL/src/indev/lv_indev_scroll.d ./Middleware/LVGL/src/indev/lv_indev_scroll.o ./Middleware/LVGL/src/indev/lv_indev_scroll.su
rm -rf ./Middleware/LVGL/src/font/lv_binfont_loader.cyclo ./Middleware/LVGL/src/font/lv_binfont_loader.d ./Middleware/LVGL/src/font/lv_binfont_loader.o ./Middleware/LVGL/src/font/lv_binfont_loader.su ./Middleware/LVGL/src/font/lv_font.cyclo ./Middleware/LVGL/src/font/lv_font.d ./Middleware/LVGL/src/font/lv_font.o ./Middleware/LVGL/src/font/lv_font.su ./Middleware/LVGL/src/font/lv_font_dejavu_16_persian_hebrew.cyclo ./Middleware/LVGL/src/font/lv_font_dejavu_16_persian_hebrew.d ./Middleware/LVGL/src/font/lv_font_dejavu_16_persian_hebrew.o ./Middleware/LVGL/src/font/lv_font_dejavu_16_persian_hebrew.su ./Middleware/LVGL/src/font/lv_font_fmt_txt.cyclo ./Middleware/LVGL/src/font/lv_font_fmt_txt.d ./Middleware/LVGL/src/font/lv_font_fmt_txt.o ./Middleware/LVGL/src/font/lv_font_fmt_txt.su ./Middleware/LVGL/src/font/lv_font_montserrat_10.cyclo ./Middleware/LVGL/src/font/lv_font_montserrat_10.d ./Middleware/LVGL/src/font/lv_font_montserrat_10.o ./Middleware/LVGL/src/font/lv_font_montserrat_10.su ./Middleware/LVGL/src/font/lv_font_montserrat_12.cyclo ./Middleware/LVGL/src/font/lv_font_montserrat_12.d ./Middleware/LVGL/src/font/lv_font_montserrat_12.o ./Middleware/LVGL/src/font/lv_font_montserrat_12.su ./Middleware/LVGL/src/font/lv_font_montserrat_14.cyclo ./Middleware/LVGL/src/font/lv_font_montserrat_14.d ./Middleware/LVGL/src/font/lv_font_montserrat_14.o ./Middleware/LVGL/src/font/lv_font_montserrat_14.su ./Middleware/LVGL/src/font/lv_font_montserrat_16.cyclo ./Middleware/LVGL/src/font/lv_font_montserrat_16.d ./Middleware/LVGL/src/font/lv_font_montserrat_16.o ./Middleware/LVGL/src/font/lv_font_montserrat_16.su ./Middleware/LVGL/src/font/lv_font_montserrat_18.cyclo ./Middleware/LVGL/src/font/lv_font_montserrat_18.d ./Middleware/LVGL/src/font/lv_font_montserrat_18.o ./Middleware/LVGL/src/font/lv_font_montserrat_18.su ./Middleware/LVGL/src/font/lv_font_montserrat_20.cyclo ./Middleware/LVGL/src/font/lv_font_montserrat_20.d ./Middleware/LVGL/src/font/lv_font_montserrat_20.o ./Middleware/LVGL/src/font/lv_font_montserrat_20.su ./Middleware/LVGL/src/font/lv_font_montserrat_22.cyclo ./Middleware/LVGL/src/font/lv_font_montserrat_22.d ./Middleware/LVGL/src/font/lv_font_montserrat_22.o ./Middleware/LVGL/src/font/lv_font_montserrat_22.su ./Middleware/LVGL/src/font/lv_font_montserrat_24.cyclo ./Middleware/LVGL/src/font/lv_font_montserrat_24.d ./Middleware/LVGL/src/font/lv_font_montserrat_24.o ./Middleware/LVGL/src/font/lv_font_montserrat_24.su ./Middleware/LVGL/src/font/lv_font_montserrat_26.cyclo ./Middleware/LVGL/src/font/lv_font_montserrat_26.d ./Middleware/LVGL/src/font/lv_font_montserrat_26.o ./Middleware/LVGL/src/font/lv_font_montserrat_26.su ./Middleware/LVGL/src/font/lv_font_montserrat_28.cyclo ./Middleware/LVGL/src/font/lv_font_montserrat_28.d ./Middleware/LVGL/src/font/lv_font_montserrat_28.o ./Middleware/LVGL/src/font/lv_font_montserrat_28.su ./Middleware/LVGL/src/font/lv_font_montserrat_28_compressed.cyclo ./Middleware/LVGL/src/font/lv_font_montserrat_28_compressed.d ./Middleware/LVGL/src/font/lv_font_montserrat_28_compressed.o ./Middleware/LVGL/src/font/lv_font_montserrat_28_compressed.su ./Middleware/LVGL/src/font/lv_font_montserrat_30.cyclo ./Middleware/LVGL/src/font/lv_font_montserrat_30.d ./Middleware/LVGL/src/font/lv_font_montserrat_30.o ./Middleware/LVGL/src/font/lv_font_montserrat_30.su ./Middleware/LVGL/src/font/lv_font_montserrat_32.cyclo ./Middleware/LVGL/src/font/lv_font_montserrat_32.d ./Middleware/LVGL/src/font/lv_font_montserrat_32.o ./Middleware/LVGL/src/font/lv_font_montserrat_32.su ./Middleware/LVGL/src/font/lv_font_montserrat_34.cyclo ./Middleware/LVGL/src/font/lv_font_montserrat_34.d ./Middleware/LVGL/src/font/lv_font_montserrat_34.o ./Middleware/LVGL/src/font/lv_font_montserrat_34.su ./Middleware/LVGL/src/font/lv_font_montserrat_36.cyclo ./Middleware/LVGL/src/font/lv_font_montserrat_36.d ./Middleware/LVGL/src/font/lv_font_montserrat_36.o ./Middleware/LVGL/src/font/lv_font_montserrat_36.su ./Middleware/LVGL/src/font/lv_font_montserrat_38.cyclo ./Middleware/LVGL/src/font/lv_font_montserrat_38.d ./Middleware/LVGL/src/font/lv_font_montserrat_38.o ./Middleware/LVGL/src/font/lv_font_montserrat_38.su ./Middleware/LVGL/src/font/lv_font_montserrat_40.cyclo ./Middleware/LVGL/src/font/lv_font_montserrat_40.d ./Middleware/LVGL/src/font/lv_font_montserrat_40.o ./Middleware/LVGL/src/font/lv_font_montserrat_40.su ./Middleware/LVGL/src/font/lv_font_montserrat_42.cyclo ./Middleware/LVGL/src/font/lv_font_montserrat_42.d ./Middleware/LVGL/src/font/lv_font_montserrat_42.o ./Middleware/LVGL/src/font/lv_font_montserrat_42.su ./Middleware/LVGL/src/font/lv_font_montserrat_44.cyclo ./Middleware/LVGL/src/font/lv_font_montserrat_44.d ./Middleware/LVGL/src/font/lv_font_montserrat_44.o ./Middleware/LVGL/src/font/lv_font_montserrat_44.su ./Middleware/LVGL/src/font/lv_font_montserrat_46.cyclo ./Middleware/LVGL/src/font/lv_font_montserrat_46.d ./Middleware/LVGL/src/font/lv_font_montserrat_46.o ./Middleware/LVGL/src/font/lv_font_montserrat_46.su ./Middleware/LVGL/src/font/lv_font_montserrat_48.cyclo ./Middleware/LVGL/src/font/lv_font_montserrat_48.d ./Middleware/LVGL/src/font/lv_font_montserrat_48.o ./Middleware/LVGL/src/font/lv_font_montserrat_48.su ./Middleware/LVGL/src/font/lv_font_montserrat_8.cyclo ./Middleware/LVGL/src/font/lv_font_montserrat_8.d ./Middleware/LVGL/src/font/lv_font_montserrat_8.o ./Middleware/LVGL/src/font/lv_font_montserrat_8.su ./Middleware/LVGL/src/font/lv_font_simsun_16_cjk.cyclo ./Middleware/LVGL/src/font/lv_font_simsun_16_cjk.d ./Middleware/LVGL/src/font/lv_font_simsun_16_cjk.o ./Middleware/LVGL/src/font/lv_font_simsun_16_cjk.su ./Middleware/LVGL/src/font/lv_font_unscii_16.cyclo ./Middleware/LVGL/src/font/lv_font_unscii_16.d ./Middleware/LVGL/src/font/lv_font_unscii_16.o ./Middleware/LVGL/src/font/lv_font_unscii_16.su ./Middleware/LVGL/src/font/lv_font_unscii_8.cyclo ./Middleware/LVGL/src/font/lv_font_unscii_8.d ./Middleware/LVGL/src/font/lv_font_unscii_8.o
rm -rf ./Middleware/LVGL/src/drivers/x11/lv_x11_display.cyclo ./Middleware/LVGL/src/drivers/x11/lv_x11_display.d ./Middleware/LVGL/src/drivers/x11/lv_x11_display.o ./Middleware/LVGL/src/drivers/x11/lv_x11_display.su ./Middleware/LVGL/src/drivers/x11/lv_x11_input.cyclo ./Middleware/LVGL/src/drivers/x11/lv_x11_input.d ./Middleware/LVGL/src/drivers/x11/lv_x11_input.o ./Middleware/LVGL/src/drivers/x11/lv_x11_input.su
rm -rf ./Middleware/LVGL/src/drivers/windows/lv_windows_context.cyclo ./Middleware/LVGL/src/drivers/windows/lv_windows_context.d ./Middleware/LVGL/src/drivers/windows/lv_windows_context.o ./Middleware/LVGL/src/drivers/windows/lv_windows_context.su ./Middleware/LVGL/src/drivers/windows/lv_windows_display.cyclo ./Middleware/LVGL/src/drivers/windows/lv_windows_display.d ./Middleware/LVGL/src/drivers/windows/lv_windows_display.o ./Middleware/LVGL/src/drivers/windows/lv_windows_display.su ./Middleware/LVGL/src/drivers/windows/lv_windows_input.cyclo ./Middleware/LVGL/src/drivers/windows/lv_windows_input.d ./Middleware/LVGL/src/drivers/windows/lv_windows_input.o ./Middleware/LVGL/src/drivers/windows/lv_windows_input.su
rm -rf ./Middleware/LVGL/src/drivers/sdl/lv_sdl_keyboard.cyclo ./Middleware/LVGL/src/drivers/sdl/lv_sdl_keyboard.d ./Middleware/LVGL/src/drivers/sdl/lv_sdl_keyboard.o ./Middleware/LVGL/src/drivers/sdl/lv_sdl_keyboard.su ./Middleware/LVGL/src/drivers/sdl/lv_sdl_mouse.cyclo ./Middleware/LVGL/src/drivers/sdl/lv_sdl_mouse.d ./Middleware/LVGL/src/drivers/sdl/lv_sdl_mouse.o ./Middleware/LVGL/src/drivers/sdl/lv_sdl_mouse.su ./Middleware/LVGL/src/drivers/sdl/lv_sdl_mousewheel.cyclo ./Middleware/LVGL/src/drivers/sdl/lv_sdl_mousewheel.d ./Middleware/LVGL/src/drivers/sdl/lv_sdl_mousewheel.o ./Middleware/LVGL/src/drivers/sdl/lv_sdl_mousewheel.su ./Middleware/LVGL/src/drivers/sdl/lv_sdl_window.cyclo ./Middleware/LVGL/src/drivers/sdl/lv_sdl_window.d ./Middleware/LVGL/src/drivers/sdl/lv_sdl_window.o ./Middleware/LVGL/src/drivers/sdl/lv_sdl_window.su
rm -rf ./Middleware/LVGL/src/drivers/nuttx/lv_nuttx_cache.cyclo ./Middleware/LVGL/src/drivers/nuttx/lv_nuttx_cache.d ./Middleware/LVGL/src/drivers/nuttx/lv_nuttx_cache.o ./Middleware/LVGL/src/drivers/nuttx/lv_nuttx_cache.su ./Middleware/LVGL/src/drivers/nuttx/lv_nuttx_entry.cyclo ./Middleware/LVGL/src/drivers/nuttx/lv_nuttx_entry.d ./Middleware/LVGL/src/drivers/nuttx/lv_nuttx_entry.o ./Middleware/LVGL/src/drivers/nuttx/lv_nuttx_entry.su ./Middleware/LVGL/src/drivers/nuttx/lv_nuttx_fbdev.cyclo ./Middleware/LVGL/src/drivers/nuttx/lv_nuttx_fbdev.d ./Middleware/LVGL/src/drivers/nuttx/lv_nuttx_fbdev.o ./Middleware/LVGL/src/drivers/nuttx/lv_nuttx_fbdev.su ./Middleware/LVGL/src/drivers/nuttx/lv_nuttx_image_cache.cyclo ./Middleware/LVGL/src/drivers/nuttx/lv_nuttx_image_cache.d ./Middleware/LVGL/src/drivers/nuttx/lv_nuttx_image_cache.o ./Middleware/LVGL/src/drivers/nuttx/lv_nuttx_image_cache.su ./Middleware/LVGL/src/drivers/nuttx/lv_nuttx_lcd.cyclo ./Middleware/LVGL/src/drivers/nuttx/lv_nuttx_lcd.d ./Middleware/LVGL/src/drivers/nuttx/lv_nuttx_lcd.o ./Middleware/LVGL/src/drivers/nuttx/lv_nuttx_lcd.su ./Middleware/LVGL/src/drivers/nuttx/lv_nuttx_libuv.cyclo ./Middleware/LVGL/src/drivers/nuttx/lv_nuttx_libuv.d ./Middleware/LVGL/src/drivers/nuttx/lv_nuttx_libuv.o ./Middleware/LVGL/src/drivers/nuttx/lv_nuttx_libuv.su ./Middleware/LVGL/src/drivers/nuttx/lv_nuttx_profiler.cyclo ./Middleware/LVGL/src/drivers/nuttx/lv_nuttx_profiler.d ./Middleware/LVGL/src/drivers/nuttx/lv_nuttx_profiler.o ./Middleware/LVGL/src/drivers/nuttx/lv_nuttx_profiler.su ./Middleware/LVGL/src/drivers/nuttx/lv_nuttx_touchscreen.cyclo ./Middleware/LVGL/src/drivers/nuttx/lv_nuttx_touchscreen.d ./Middleware/LVGL/src/drivers/nuttx/lv_nuttx_touchscreen.o ./Middleware/LVGL/src/drivers/nuttx/lv_nuttx_touchscreen.su
rm -rf ./Middleware/LVGL/src/drivers/libinput/lv_libinput.cyclo ./Middleware/LVGL/src/drivers/libinput/lv_libinput.d ./Middleware/LVGL/src/drivers/libinput/lv_libinput.o ./Middleware/LVGL/src/drivers/libinput/lv_libinput.su ./Middleware/LVGL/src/drivers/libinput/lv_xkb.cyclo ./Middleware/LVGL/src/drivers/libinput/lv_xkb.d ./Middleware/LVGL/src/drivers/libinput/lv_xkb.o ./Middleware/LVGL/src/drivers/libinput/lv_xkb.su
rm -rf ./Middleware/LVGL/src/drivers/evdev/lv_evdev.cyclo ./Middleware/LVGL/src/drivers/evdev/lv_evdev.d ./Middleware/LVGL/src/drivers/evdev/lv_evdev.o ./Middleware/LVGL/src/drivers/evdev/lv_evdev.su
rm -rf ./Middleware/LVGL/src/font/lv_font_unscii_8.su
rm -rf ./Middleware/LVGL/src/drivers/display/st7796/lv_st7796.cyclo ./Middleware/LVGL/src/drivers/display/st7796/lv_st7796.d ./Middleware/LVGL/src/drivers/display/st7796/lv_st7796.o ./Middleware/LVGL/src/drivers/display/st7796/lv_st7796.su
rm -rf ./Middleware/LVGL/src/drivers/display/st7789/lv_st7789.cyclo ./Middleware/LVGL/src/drivers/display/st7789/lv_st7789.d ./Middleware/LVGL/src/drivers/display/st7789/lv_st7789.o ./Middleware/LVGL/src/drivers/display/st7789/lv_st7789.su
rm -rf ./Middleware/LVGL/src/drivers/display/st7735/lv_st7735.cyclo ./Middleware/LVGL/src/drivers/display/st7735/lv_st7735.d ./Middleware/LVGL/src/drivers/display/st7735/lv_st7735.o ./Middleware/LVGL/src/drivers/display/st7735/lv_st7735.su
rm -rf ./Middleware/LVGL/src/drivers/display/lcd/lv_lcd_generic_mipi.cyclo ./Middleware/LVGL/src/drivers/display/lcd/lv_lcd_generic_mipi.d ./Middleware/LVGL/src/drivers/display/lcd/lv_lcd_generic_mipi.o ./Middleware/LVGL/src/drivers/display/lcd/lv_lcd_generic_mipi.su
rm -rf ./Middleware/LVGL/src/drivers/display/ili9341/lv_ili9341.cyclo ./Middleware/LVGL/src/drivers/display/ili9341/lv_ili9341.d ./Middleware/LVGL/src/drivers/display/ili9341/lv_ili9341.o ./Middleware/LVGL/src/drivers/display/ili9341/lv_ili9341.su
rm -rf ./Middleware/LVGL/src/drivers/display/fb/lv_linux_fbdev.cyclo ./Middleware/LVGL/src/drivers/display/fb/lv_linux_fbdev.d ./Middleware/LVGL/src/drivers/display/fb/lv_linux_fbdev.o ./Middleware/LVGL/src/drivers/display/fb/lv_linux_fbdev.su
rm -rf ./Middleware/LVGL/src/drivers/display/drm/lv_linux_drm.cyclo ./Middleware/LVGL/src/drivers/display/drm/lv_linux_drm.d ./Middleware/LVGL/src/drivers/display/drm/lv_linux_drm.o ./Middleware/LVGL/src/drivers/display/drm/lv_linux_drm.su
rm -rf ./Middleware/LVGL/src/draw/vg_lite/lv_draw_buf_vg_lite.cyclo ./Middleware/LVGL/src/draw/vg_lite/lv_draw_buf_vg_lite.d ./Middleware/LVGL/src/draw/vg_lite/lv_draw_buf_vg_lite.o ./Middleware/LVGL/src/draw/vg_lite/lv_draw_buf_vg_lite.su ./Middleware/LVGL/src/draw/vg_lite/lv_draw_vg_lite.cyclo ./Middleware/LVGL/src/draw/vg_lite/lv_draw_vg_lite.d ./Middleware/LVGL/src/draw/vg_lite/lv_draw_vg_lite.o ./Middleware/LVGL/src/draw/vg_lite/lv_draw_vg_lite.su ./Middleware/LVGL/src/draw/vg_lite/lv_draw_vg_lite_arc.cyclo ./Middleware/LVGL/src/draw/vg_lite/lv_draw_vg_lite_arc.d ./Middleware/LVGL/src/draw/vg_lite/lv_draw_vg_lite_arc.o ./Middleware/LVGL/src/draw/vg_lite/lv_draw_vg_lite_arc.su ./Middleware/LVGL/src/draw/vg_lite/lv_draw_vg_lite_border.cyclo ./Middleware/LVGL/src/draw/vg_lite/lv_draw_vg_lite_border.d ./Middleware/LVGL/src/draw/vg_lite/lv_draw_vg_lite_border.o ./Middleware/LVGL/src/draw/vg_lite/lv_draw_vg_lite_border.su ./Middleware/LVGL/src/draw/vg_lite/lv_draw_vg_lite_box_shadow.cyclo ./Middleware/LVGL/src/draw/vg_lite/lv_draw_vg_lite_box_shadow.d ./Middleware/LVGL/src/draw/vg_lite/lv_draw_vg_lite_box_shadow.o ./Middleware/LVGL/src/draw/vg_lite/lv_draw_vg_lite_box_shadow.su ./Middleware/LVGL/src/draw/vg_lite/lv_draw_vg_lite_fill.cyclo ./Middleware/LVGL/src/draw/vg_lite/lv_draw_vg_lite_fill.d ./Middleware/LVGL/src/draw/vg_lite/lv_draw_vg_lite_fill.o ./Middleware/LVGL/src/draw/vg_lite/lv_draw_vg_lite_fill.su ./Middleware/LVGL/src/draw/vg_lite/lv_draw_vg_lite_img.cyclo ./Middleware/LVGL/src/draw/vg_lite/lv_draw_vg_lite_img.d ./Middleware/LVGL/src/draw/vg_lite/lv_draw_vg_lite_img.o ./Middleware/LVGL/src/draw/vg_lite/lv_draw_vg_lite_img.su ./Middleware/LVGL/src/draw/vg_lite/lv_draw_vg_lite_label.cyclo ./Middleware/LVGL/src/draw/vg_lite/lv_draw_vg_lite_label.d ./Middleware/LVGL/src/draw/vg_lite/lv_draw_vg_lite_label.o ./Middleware/LVGL/src/draw/vg_lite/lv_draw_vg_lite_label.su ./Middleware/LVGL/src/draw/vg_lite/lv_draw_vg_lite_layer.cyclo ./Middleware/LVGL/src/draw/vg_lite/lv_draw_vg_lite_layer.d ./Middleware/LVGL/src/draw/vg_lite/lv_draw_vg_lite_layer.o ./Middleware/LVGL/src/draw/vg_lite/lv_draw_vg_lite_layer.su ./Middleware/LVGL/src/draw/vg_lite/lv_draw_vg_lite_line.cyclo ./Middleware/LVGL/src/draw/vg_lite/lv_draw_vg_lite_line.d ./Middleware/LVGL/src/draw/vg_lite/lv_draw_vg_lite_line.o ./Middleware/LVGL/src/draw/vg_lite/lv_draw_vg_lite_line.su ./Middleware/LVGL/src/draw/vg_lite/lv_draw_vg_lite_mask_rect.cyclo ./Middleware/LVGL/src/draw/vg_lite/lv_draw_vg_lite_mask_rect.d ./Middleware/LVGL/src/draw/vg_lite/lv_draw_vg_lite_mask_rect.o ./Middleware/LVGL/src/draw/vg_lite/lv_draw_vg_lite_mask_rect.su ./Middleware/LVGL/src/draw/vg_lite/lv_draw_vg_lite_triangle.cyclo ./Middleware/LVGL/src/draw/vg_lite/lv_draw_vg_lite_triangle.d ./Middleware/LVGL/src/draw/vg_lite/lv_draw_vg_lite_triangle.o ./Middleware/LVGL/src/draw/vg_lite/lv_draw_vg_lite_triangle.su ./Middleware/LVGL/src/draw/vg_lite/lv_draw_vg_lite_vector.cyclo ./Middleware/LVGL/src/draw/vg_lite/lv_draw_vg_lite_vector.d ./Middleware/LVGL/src/draw/vg_lite/lv_draw_vg_lite_vector.o ./Middleware/LVGL/src/draw/vg_lite/lv_draw_vg_lite_vector.su ./Middleware/LVGL/src/draw/vg_lite/lv_vg_lite_decoder.cyclo ./Middleware/LVGL/src/draw/vg_lite/lv_vg_lite_decoder.d ./Middleware/LVGL/src/draw/vg_lite/lv_vg_lite_decoder.o ./Middleware/LVGL/src/draw/vg_lite/lv_vg_lite_decoder.su ./Middleware/LVGL/src/draw/vg_lite/lv_vg_lite_grad.cyclo ./Middleware/LVGL/src/draw/vg_lite/lv_vg_lite_grad.d ./Middleware/LVGL/src/draw/vg_lite/lv_vg_lite_grad.o ./Middleware/LVGL/src/draw/vg_lite/lv_vg_lite_grad.su ./Middleware/LVGL/src/draw/vg_lite/lv_vg_lite_math.cyclo ./Middleware/LVGL/src/draw/vg_lite/lv_vg_lite_math.d ./Middleware/LVGL/src/draw/vg_lite/lv_vg_lite_math.o ./Middleware/LVGL/src/draw/vg_lite/lv_vg_lite_math.su ./Middleware/LVGL/src/draw/vg_lite/lv_vg_lite_path.cyclo ./Middleware/LVGL/src/draw/vg_lite/lv_vg_lite_path.d ./Middleware/LVGL/src/draw/vg_lite/lv_vg_lite_path.o ./Middleware/LVGL/src/draw/vg_lite/lv_vg_lite_path.su ./Middleware/LVGL/src/draw/vg_lite/lv_vg_lite_utils.cyclo ./Middleware/LVGL/src/draw/vg_lite/lv_vg_lite_utils.d ./Middleware/LVGL/src/draw/vg_lite/lv_vg_lite_utils.o ./Middleware/LVGL/src/draw/vg_lite/lv_vg_lite_utils.su
rm -rf ./Middleware/LVGL/src/draw/sw/blend/neon/lv_blend_neon.d ./Middleware/LVGL/src/draw/sw/blend/neon/lv_blend_neon.o
rm -rf ./Middleware/LVGL/src/draw/sw/blend/helium/lv_blend_helium.d ./Middleware/LVGL/src/draw/sw/blend/helium/lv_blend_helium.o
rm -rf ./Middleware/LVGL/src/draw/sw/blend/lv_draw_sw_blend.cyclo ./Middleware/LVGL/src/draw/sw/blend/lv_draw_sw_blend.d ./Middleware/LVGL/src/draw/sw/blend/lv_draw_sw_blend.o ./Middleware/LVGL/src/draw/sw/blend/lv_draw_sw_blend.su ./Middleware/LVGL/src/draw/sw/blend/lv_draw_sw_blend_to_argb8888.cyclo ./Middleware/LVGL/src/draw/sw/blend/lv_draw_sw_blend_to_argb8888.d ./Middleware/LVGL/src/draw/sw/blend/lv_draw_sw_blend_to_argb8888.o ./Middleware/LVGL/src/draw/sw/blend/lv_draw_sw_blend_to_argb8888.su ./Middleware/LVGL/src/draw/sw/blend/lv_draw_sw_blend_to_rgb565.cyclo ./Middleware/LVGL/src/draw/sw/blend/lv_draw_sw_blend_to_rgb565.d ./Middleware/LVGL/src/draw/sw/blend/lv_draw_sw_blend_to_rgb565.o ./Middleware/LVGL/src/draw/sw/blend/lv_draw_sw_blend_to_rgb565.su ./Middleware/LVGL/src/draw/sw/blend/lv_draw_sw_blend_to_rgb888.cyclo ./Middleware/LVGL/src/draw/sw/blend/lv_draw_sw_blend_to_rgb888.d ./Middleware/LVGL/src/draw/sw/blend/lv_draw_sw_blend_to_rgb888.o ./Middleware/LVGL/src/draw/sw/blend/lv_draw_sw_blend_to_rgb888.su
rm -rf ./Middleware/LVGL/src/draw/sw/lv_draw_sw.cyclo ./Middleware/LVGL/src/draw/sw/lv_draw_sw.d ./Middleware/LVGL/src/draw/sw/lv_draw_sw.o ./Middleware/LVGL/src/draw/sw/lv_draw_sw.su ./Middleware/LVGL/src/draw/sw/lv_draw_sw_arc.cyclo ./Middleware/LVGL/src/draw/sw/lv_draw_sw_arc.d ./Middleware/LVGL/src/draw/sw/lv_draw_sw_arc.o ./Middleware/LVGL/src/draw/sw/lv_draw_sw_arc.su ./Middleware/LVGL/src/draw/sw/lv_draw_sw_border.cyclo ./Middleware/LVGL/src/draw/sw/lv_draw_sw_border.d ./Middleware/LVGL/src/draw/sw/lv_draw_sw_border.o ./Middleware/LVGL/src/draw/sw/lv_draw_sw_border.su ./Middleware/LVGL/src/draw/sw/lv_draw_sw_box_shadow.cyclo ./Middleware/LVGL/src/draw/sw/lv_draw_sw_box_shadow.d ./Middleware/LVGL/src/draw/sw/lv_draw_sw_box_shadow.o ./Middleware/LVGL/src/draw/sw/lv_draw_sw_box_shadow.su ./Middleware/LVGL/src/draw/sw/lv_draw_sw_fill.cyclo ./Middleware/LVGL/src/draw/sw/lv_draw_sw_fill.d ./Middleware/LVGL/src/draw/sw/lv_draw_sw_fill.o ./Middleware/LVGL/src/draw/sw/lv_draw_sw_fill.su ./Middleware/LVGL/src/draw/sw/lv_draw_sw_gradient.cyclo ./Middleware/LVGL/src/draw/sw/lv_draw_sw_gradient.d ./Middleware/LVGL/src/draw/sw/lv_draw_sw_gradient.o ./Middleware/LVGL/src/draw/sw/lv_draw_sw_gradient.su ./Middleware/LVGL/src/draw/sw/lv_draw_sw_img.cyclo ./Middleware/LVGL/src/draw/sw/lv_draw_sw_img.d ./Middleware/LVGL/src/draw/sw/lv_draw_sw_img.o ./Middleware/LVGL/src/draw/sw/lv_draw_sw_img.su ./Middleware/LVGL/src/draw/sw/lv_draw_sw_letter.cyclo ./Middleware/LVGL/src/draw/sw/lv_draw_sw_letter.d ./Middleware/LVGL/src/draw/sw/lv_draw_sw_letter.o ./Middleware/LVGL/src/draw/sw/lv_draw_sw_letter.su ./Middleware/LVGL/src/draw/sw/lv_draw_sw_line.cyclo ./Middleware/LVGL/src/draw/sw/lv_draw_sw_line.d ./Middleware/LVGL/src/draw/sw/lv_draw_sw_line.o ./Middleware/LVGL/src/draw/sw/lv_draw_sw_line.su ./Middleware/LVGL/src/draw/sw/lv_draw_sw_mask.cyclo ./Middleware/LVGL/src/draw/sw/lv_draw_sw_mask.d ./Middleware/LVGL/src/draw/sw/lv_draw_sw_mask.o ./Middleware/LVGL/src/draw/sw/lv_draw_sw_mask.su ./Middleware/LVGL/src/draw/sw/lv_draw_sw_mask_rect.cyclo ./Middleware/LVGL/src/draw/sw/lv_draw_sw_mask_rect.d ./Middleware/LVGL/src/draw/sw/lv_draw_sw_mask_rect.o ./Middleware/LVGL/src/draw/sw/lv_draw_sw_mask_rect.su ./Middleware/LVGL/src/draw/sw/lv_draw_sw_transform.cyclo ./Middleware/LVGL/src/draw/sw/lv_draw_sw_transform.d ./Middleware/LVGL/src/draw/sw/lv_draw_sw_transform.o ./Middleware/LVGL/src/draw/sw/lv_draw_sw_transform.su ./Middleware/LVGL/src/draw/sw/lv_draw_sw_triangle.cyclo ./Middleware/LVGL/src/draw/sw/lv_draw_sw_triangle.d ./Middleware/LVGL/src/draw/sw/lv_draw_sw_triangle.o ./Middleware/LVGL/src/draw/sw/lv_draw_sw_triangle.su ./Middleware/LVGL/src/draw/sw/lv_draw_sw_vector.cyclo ./Middleware/LVGL/src/draw/sw/lv_draw_sw_vector.d ./Middleware/LVGL/src/draw/sw/lv_draw_sw_vector.o ./Middleware/LVGL/src/draw/sw/lv_draw_sw_vector.su
rm -rf ./Middleware/LVGL/src/draw/sdl/lv_draw_sdl.cyclo ./Middleware/LVGL/src/draw/sdl/lv_draw_sdl.d ./Middleware/LVGL/src/draw/sdl/lv_draw_sdl.o ./Middleware/LVGL/src/draw/sdl/lv_draw_sdl.su
rm -rf ./Middleware/LVGL/src/draw/renesas/dave2d/lv_draw_dave2d.cyclo ./Middleware/LVGL/src/draw/renesas/dave2d/lv_draw_dave2d.d ./Middleware/LVGL/src/draw/renesas/dave2d/lv_draw_dave2d.o ./Middleware/LVGL/src/draw/renesas/dave2d/lv_draw_dave2d.su ./Middleware/LVGL/src/draw/renesas/dave2d/lv_draw_dave2d_arc.cyclo ./Middleware/LVGL/src/draw/renesas/dave2d/lv_draw_dave2d_arc.d ./Middleware/LVGL/src/draw/renesas/dave2d/lv_draw_dave2d_arc.o ./Middleware/LVGL/src/draw/renesas/dave2d/lv_draw_dave2d_arc.su ./Middleware/LVGL/src/draw/renesas/dave2d/lv_draw_dave2d_border.cyclo ./Middleware/LVGL/src/draw/renesas/dave2d/lv_draw_dave2d_border.d ./Middleware/LVGL/src/draw/renesas/dave2d/lv_draw_dave2d_border.o ./Middleware/LVGL/src/draw/renesas/dave2d/lv_draw_dave2d_border.su ./Middleware/LVGL/src/draw/renesas/dave2d/lv_draw_dave2d_fill.cyclo ./Middleware/LVGL/src/draw/renesas/dave2d/lv_draw_dave2d_fill.d ./Middleware/LVGL/src/draw/renesas/dave2d/lv_draw_dave2d_fill.o ./Middleware/LVGL/src/draw/renesas/dave2d/lv_draw_dave2d_fill.su ./Middleware/LVGL/src/draw/renesas/dave2d/lv_draw_dave2d_image.cyclo ./Middleware/LVGL/src/draw/renesas/dave2d/lv_draw_dave2d_image.d ./Middleware/LVGL/src/draw/renesas/dave2d/lv_draw_dave2d_image.o ./Middleware/LVGL/src/draw/renesas/dave2d/lv_draw_dave2d_image.su ./Middleware/LVGL/src/draw/renesas/dave2d/lv_draw_dave2d_label.cyclo ./Middleware/LVGL/src/draw/renesas/dave2d/lv_draw_dave2d_label.d ./Middleware/LVGL/src/draw/renesas/dave2d/lv_draw_dave2d_label.o ./Middleware/LVGL/src/draw/renesas/dave2d/lv_draw_dave2d_label.su ./Middleware/LVGL/src/draw/renesas/dave2d/lv_draw_dave2d_line.cyclo ./Middleware/LVGL/src/draw/renesas/dave2d/lv_draw_dave2d_line.d ./Middleware/LVGL/src/draw/renesas/dave2d/lv_draw_dave2d_line.o ./Middleware/LVGL/src/draw/renesas/dave2d/lv_draw_dave2d_line.su ./Middleware/LVGL/src/draw/renesas/dave2d/lv_draw_dave2d_mask_rectangle.cyclo ./Middleware/LVGL/src/draw/renesas/dave2d/lv_draw_dave2d_mask_rectangle.d ./Middleware/LVGL/src/draw/renesas/dave2d/lv_draw_dave2d_mask_rectangle.o ./Middleware/LVGL/src/draw/renesas/dave2d/lv_draw_dave2d_mask_rectangle.su ./Middleware/LVGL/src/draw/renesas/dave2d/lv_draw_dave2d_triangle.cyclo ./Middleware/LVGL/src/draw/renesas/dave2d/lv_draw_dave2d_triangle.d ./Middleware/LVGL/src/draw/renesas/dave2d/lv_draw_dave2d_triangle.o ./Middleware/LVGL/src/draw/renesas/dave2d/lv_draw_dave2d_triangle.su ./Middleware/LVGL/src/draw/renesas/dave2d/lv_draw_dave2d_utils.cyclo ./Middleware/LVGL/src/draw/renesas/dave2d/lv_draw_dave2d_utils.d ./Middleware/LVGL/src/draw/renesas/dave2d/lv_draw_dave2d_utils.o ./Middleware/LVGL/src/draw/renesas/dave2d/lv_draw_dave2d_utils.su
rm -rf ./Middleware/LVGL/src/draw/nxp/vglite/lv_draw_buf_vglite.cyclo ./Middleware/LVGL/src/draw/nxp/vglite/lv_draw_buf_vglite.d ./Middleware/LVGL/src/draw/nxp/vglite/lv_draw_buf_vglite.o ./Middleware/LVGL/src/draw/nxp/vglite/lv_draw_buf_vglite.su ./Middleware/LVGL/src/draw/nxp/vglite/lv_draw_vglite.cyclo ./Middleware/LVGL/src/draw/nxp/vglite/lv_draw_vglite.d ./Middleware/LVGL/src/draw/nxp/vglite/lv_draw_vglite.o ./Middleware/LVGL/src/draw/nxp/vglite/lv_draw_vglite.su ./Middleware/LVGL/src/draw/nxp/vglite/lv_draw_vglite_arc.cyclo ./Middleware/LVGL/src/draw/nxp/vglite/lv_draw_vglite_arc.d ./Middleware/LVGL/src/draw/nxp/vglite/lv_draw_vglite_arc.o ./Middleware/LVGL/src/draw/nxp/vglite/lv_draw_vglite_arc.su ./Middleware/LVGL/src/draw/nxp/vglite/lv_draw_vglite_border.cyclo ./Middleware/LVGL/src/draw/nxp/vglite/lv_draw_vglite_border.d ./Middleware/LVGL/src/draw/nxp/vglite/lv_draw_vglite_border.o ./Middleware/LVGL/src/draw/nxp/vglite/lv_draw_vglite_border.su ./Middleware/LVGL/src/draw/nxp/vglite/lv_draw_vglite_fill.cyclo ./Middleware/LVGL/src/draw/nxp/vglite/lv_draw_vglite_fill.d ./Middleware/LVGL/src/draw/nxp/vglite/lv_draw_vglite_fill.o ./Middleware/LVGL/src/draw/nxp/vglite/lv_draw_vglite_fill.su ./Middleware/LVGL/src/draw/nxp/vglite/lv_draw_vglite_img.cyclo ./Middleware/LVGL/src/draw/nxp/vglite/lv_draw_vglite_img.d ./Middleware/LVGL/src/draw/nxp/vglite/lv_draw_vglite_img.o ./Middleware/LVGL/src/draw/nxp/vglite/lv_draw_vglite_img.su ./Middleware/LVGL/src/draw/nxp/vglite/lv_draw_vglite_label.cyclo ./Middleware/LVGL/src/draw/nxp/vglite/lv_draw_vglite_label.d ./Middleware/LVGL/src/draw/nxp/vglite/lv_draw_vglite_label.o ./Middleware/LVGL/src/draw/nxp/vglite/lv_draw_vglite_label.su ./Middleware/LVGL/src/draw/nxp/vglite/lv_draw_vglite_layer.cyclo ./Middleware/LVGL/src/draw/nxp/vglite/lv_draw_vglite_layer.d ./Middleware/LVGL/src/draw/nxp/vglite/lv_draw_vglite_layer.o ./Middleware/LVGL/src/draw/nxp/vglite/lv_draw_vglite_layer.su ./Middleware/LVGL/src/draw/nxp/vglite/lv_draw_vglite_line.cyclo ./Middleware/LVGL/src/draw/nxp/vglite/lv_draw_vglite_line.d ./Middleware/LVGL/src/draw/nxp/vglite/lv_draw_vglite_line.o ./Middleware/LVGL/src/draw/nxp/vglite/lv_draw_vglite_line.su ./Middleware/LVGL/src/draw/nxp/vglite/lv_draw_vglite_triangle.cyclo ./Middleware/LVGL/src/draw/nxp/vglite/lv_draw_vglite_triangle.d ./Middleware/LVGL/src/draw/nxp/vglite/lv_draw_vglite_triangle.o ./Middleware/LVGL/src/draw/nxp/vglite/lv_draw_vglite_triangle.su ./Middleware/LVGL/src/draw/nxp/vglite/lv_vglite_buf.cyclo ./Middleware/LVGL/src/draw/nxp/vglite/lv_vglite_buf.d ./Middleware/LVGL/src/draw/nxp/vglite/lv_vglite_buf.o ./Middleware/LVGL/src/draw/nxp/vglite/lv_vglite_buf.su ./Middleware/LVGL/src/draw/nxp/vglite/lv_vglite_matrix.cyclo ./Middleware/LVGL/src/draw/nxp/vglite/lv_vglite_matrix.d ./Middleware/LVGL/src/draw/nxp/vglite/lv_vglite_matrix.o ./Middleware/LVGL/src/draw/nxp/vglite/lv_vglite_matrix.su ./Middleware/LVGL/src/draw/nxp/vglite/lv_vglite_path.cyclo ./Middleware/LVGL/src/draw/nxp/vglite/lv_vglite_path.d ./Middleware/LVGL/src/draw/nxp/vglite/lv_vglite_path.o ./Middleware/LVGL/src/draw/nxp/vglite/lv_vglite_path.su ./Middleware/LVGL/src/draw/nxp/vglite/lv_vglite_utils.cyclo ./Middleware/LVGL/src/draw/nxp/vglite/lv_vglite_utils.d ./Middleware/LVGL/src/draw/nxp/vglite/lv_vglite_utils.o ./Middleware/LVGL/src/draw/nxp/vglite/lv_vglite_utils.su
rm -rf ./Middleware/LVGL/src/draw/nxp/pxp/lv_draw_buf_pxp.cyclo ./Middleware/LVGL/src/draw/nxp/pxp/lv_draw_buf_pxp.d ./Middleware/LVGL/src/draw/nxp/pxp/lv_draw_buf_pxp.o ./Middleware/LVGL/src/draw/nxp/pxp/lv_draw_buf_pxp.su ./Middleware/LVGL/src/draw/nxp/pxp/lv_draw_pxp.cyclo ./Middleware/LVGL/src/draw/nxp/pxp/lv_draw_pxp.d ./Middleware/LVGL/src/draw/nxp/pxp/lv_draw_pxp.o ./Middleware/LVGL/src/draw/nxp/pxp/lv_draw_pxp.su ./Middleware/LVGL/src/draw/nxp/pxp/lv_draw_pxp_fill.cyclo ./Middleware/LVGL/src/draw/nxp/pxp/lv_draw_pxp_fill.d ./Middleware/LVGL/src/draw/nxp/pxp/lv_draw_pxp_fill.o ./Middleware/LVGL/src/draw/nxp/pxp/lv_draw_pxp_fill.su ./Middleware/LVGL/src/draw/nxp/pxp/lv_draw_pxp_img.cyclo ./Middleware/LVGL/src/draw/nxp/pxp/lv_draw_pxp_img.d ./Middleware/LVGL/src/draw/nxp/pxp/lv_draw_pxp_img.o ./Middleware/LVGL/src/draw/nxp/pxp/lv_draw_pxp_img.su ./Middleware/LVGL/src/draw/nxp/pxp/lv_draw_pxp_layer.cyclo ./Middleware/LVGL/src/draw/nxp/pxp/lv_draw_pxp_layer.d ./Middleware/LVGL/src/draw/nxp/pxp/lv_draw_pxp_layer.o ./Middleware/LVGL/src/draw/nxp/pxp/lv_draw_pxp_layer.su ./Middleware/LVGL/src/draw/nxp/pxp/lv_pxp_cfg.cyclo ./Middleware/LVGL/src/draw/nxp/pxp/lv_pxp_cfg.d ./Middleware/LVGL/src/draw/nxp/pxp/lv_pxp_cfg.o ./Middleware/LVGL/src/draw/nxp/pxp/lv_pxp_cfg.su ./Middleware/LVGL/src/draw/nxp/pxp/lv_pxp_osa.cyclo ./Middleware/LVGL/src/draw/nxp/pxp/lv_pxp_osa.d ./Middleware/LVGL/src/draw/nxp/pxp/lv_pxp_osa.o ./Middleware/LVGL/src/draw/nxp/pxp/lv_pxp_osa.su ./Middleware/LVGL/src/draw/nxp/pxp/lv_pxp_utils.cyclo ./Middleware/LVGL/src/draw/nxp/pxp/lv_pxp_utils.d ./Middleware/LVGL/src/draw/nxp/pxp/lv_pxp_utils.o ./Middleware/LVGL/src/draw/nxp/pxp/lv_pxp_utils.su
rm -rf ./Middleware/LVGL/src/draw/lv_draw.cyclo ./Middleware/LVGL/src/draw/lv_draw.d ./Middleware/LVGL/src/draw/lv_draw.o ./Middleware/LVGL/src/draw/lv_draw.su ./Middleware/LVGL/src/draw/lv_draw_arc.cyclo ./Middleware/LVGL/src/draw/lv_draw_arc.d ./Middleware/LVGL/src/draw/lv_draw_arc.o ./Middleware/LVGL/src/draw/lv_draw_arc.su ./Middleware/LVGL/src/draw/lv_draw_buf.cyclo ./Middleware/LVGL/src/draw/lv_draw_buf.d ./Middleware/LVGL/src/draw/lv_draw_buf.o ./Middleware/LVGL/src/draw/lv_draw_buf.su ./Middleware/LVGL/src/draw/lv_draw_image.cyclo ./Middleware/LVGL/src/draw/lv_draw_image.d ./Middleware/LVGL/src/draw/lv_draw_image.o ./Middleware/LVGL/src/draw/lv_draw_image.su ./Middleware/LVGL/src/draw/lv_draw_label.cyclo ./Middleware/LVGL/src/draw/lv_draw_label.d ./Middleware/LVGL/src/draw/lv_draw_label.o ./Middleware/LVGL/src/draw/lv_draw_label.su ./Middleware/LVGL/src/draw/lv_draw_line.cyclo ./Middleware/LVGL/src/draw/lv_draw_line.d ./Middleware/LVGL/src/draw/lv_draw_line.o ./Middleware/LVGL/src/draw/lv_draw_line.su ./Middleware/LVGL/src/draw/lv_draw_mask.cyclo ./Middleware/LVGL/src/draw/lv_draw_mask.d ./Middleware/LVGL/src/draw/lv_draw_mask.o ./Middleware/LVGL/src/draw/lv_draw_mask.su ./Middleware/LVGL/src/draw/lv_draw_rect.cyclo ./Middleware/LVGL/src/draw/lv_draw_rect.d ./Middleware/LVGL/src/draw/lv_draw_rect.o ./Middleware/LVGL/src/draw/lv_draw_rect.su ./Middleware/LVGL/src/draw/lv_draw_triangle.cyclo ./Middleware/LVGL/src/draw/lv_draw_triangle.d ./Middleware/LVGL/src/draw/lv_draw_triangle.o ./Middleware/LVGL/src/draw/lv_draw_triangle.su ./Middleware/LVGL/src/draw/lv_draw_vector.cyclo ./Middleware/LVGL/src/draw/lv_draw_vector.d ./Middleware/LVGL/src/draw/lv_draw_vector.o ./Middleware/LVGL/src/draw/lv_draw_vector.su ./Middleware/LVGL/src/draw/lv_image_buf.cyclo ./Middleware/LVGL/src/draw/lv_image_buf.d ./Middleware/LVGL/src/draw/lv_image_buf.o ./Middleware/LVGL/src/draw/lv_image_buf.su ./Middleware/LVGL/src/draw/lv_image_decoder.cyclo ./Middleware/LVGL/src/draw/lv_image_decoder.d ./Middleware/LVGL/src/draw/lv_image_decoder.o ./Middleware/LVGL/src/draw/lv_image_decoder.su
rm -rf ./Middleware/LVGL/src/display/lv_display.cyclo ./Middleware/LVGL/src/display/lv_display.d ./Middleware/LVGL/src/display/lv_display.o ./Middleware/LVGL/src/display/lv_display.su
rm -rf ./Middleware/LVGL/src/core/lv_group.cyclo ./Middleware/LVGL/src/core/lv_group.d ./Middleware/LVGL/src/core/lv_group.o ./Middleware/LVGL/src/core/lv_group.su ./Middleware/LVGL/src/core/lv_obj.cyclo ./Middleware/LVGL/src/core/lv_obj.d ./Middleware/LVGL/src/core/lv_obj.o ./Middleware/LVGL/src/core/lv_obj.su ./Middleware/LVGL/src/core/lv_obj_class.cyclo ./Middleware/LVGL/src/core/lv_obj_class.d ./Middleware/LVGL/src/core/lv_obj_class.o ./Middleware/LVGL/src/core/lv_obj_class.su ./Middleware/LVGL/src/core/lv_obj_draw.cyclo ./Middleware/LVGL/src/core/lv_obj_draw.d ./Middleware/LVGL/src/core/lv_obj_draw.o ./Middleware/LVGL/src/core/lv_obj_draw.su ./Middleware/LVGL/src/core/lv_obj_event.cyclo ./Middleware/LVGL/src/core/lv_obj_event.d ./Middleware/LVGL/src/core/lv_obj_event.o ./Middleware/LVGL/src/core/lv_obj_event.su ./Middleware/LVGL/src/core/lv_obj_id_builtin.cyclo ./Middleware/LVGL/src/core/lv_obj_id_builtin.d ./Middleware/LVGL/src/core/lv_obj_id_builtin.o ./Middleware/LVGL/src/core/lv_obj_id_builtin.su ./Middleware/LVGL/src/core/lv_obj_pos.cyclo ./Middleware/LVGL/src/core/lv_obj_pos.d ./Middleware/LVGL/src/core/lv_obj_pos.o ./Middleware/LVGL/src/core/lv_obj_pos.su ./Middleware/LVGL/src/core/lv_obj_property.cyclo ./Middleware/LVGL/src/core/lv_obj_property.d ./Middleware/LVGL/src/core/lv_obj_property.o ./Middleware/LVGL/src/core/lv_obj_property.su ./Middleware/LVGL/src/core/lv_obj_scroll.cyclo ./Middleware/LVGL/src/core/lv_obj_scroll.d ./Middleware/LVGL/src/core/lv_obj_scroll.o ./Middleware/LVGL/src/core/lv_obj_scroll.su ./Middleware/LVGL/src/core/lv_obj_style.cyclo ./Middleware/LVGL/src/core/lv_obj_style.d ./Middleware/LVGL/src/core/lv_obj_style.o ./Middleware/LVGL/src/core/lv_obj_style.su ./Middleware/LVGL/src/core/lv_obj_style_gen.cyclo ./Middleware/LVGL/src/core/lv_obj_style_gen.d ./Middleware/LVGL/src/core/lv_obj_style_gen.o ./Middleware/LVGL/src/core/lv_obj_style_gen.su ./Middleware/LVGL/src/core/lv_obj_tree.cyclo ./Middleware/LVGL/src/core/lv_obj_tree.d ./Middleware/LVGL/src/core/lv_obj_tree.o ./Middleware/LVGL/src/core/lv_obj_tree.su ./Middleware/LVGL/src/core/lv_refr.cyclo ./Middleware/LVGL/src/core/lv_refr.d ./Middleware/LVGL/src/core/lv_refr.o ./Middleware/LVGL/src/core/lv_refr.su
rm -rf ./Middleware/LVGL/src/lv_init.cyclo ./Middleware/LVGL/src/lv_init.d ./Middleware/LVGL/src/lv_init.o ./Middleware/LVGL/src/lv_init.su
rm -rf ./Middleware/LVGL/examples/porting/lv_port_disp_template.cyclo ./Middleware/LVGL/examples/porting/lv_port_disp_template.d ./Middleware/LVGL/examples/porting/lv_port_disp_template.o ./Middleware/LVGL/examples/porting/lv_port_disp_template.su ./Middleware/LVGL/examples/porting/lv_port_fs_template.cyclo ./Middleware/LVGL/examples/porting/lv_port_fs_template.d ./Middleware/LVGL/examples/porting/lv_port_fs_template.o ./Middleware/LVGL/examples/porting/lv_port_fs_template.su ./Middleware/LVGL/examples/porting/lv_port_indev_template.cyclo ./Middleware/LVGL/examples/porting/lv_port_indev_template.d ./Middleware/LVGL/examples/porting/lv_port_indev_template.o ./Middleware/LVGL/examples/porting/lv_port_indev_template.su
rm -rf ./Drivers/STM32H7xx_HAL_Driver/Src/stm32h7xx_hal.cyclo ./Drivers/STM32H7xx_HAL_Driver/Src/stm32h7xx_hal.d ./Drivers/STM32H7xx_HAL_Driver/Src/stm32h7xx_hal.o ./Drivers/STM32H7xx_HAL_Driver/Src/stm32h7xx_hal.su ./Drivers/STM32H7xx_HAL_Driver/Src/stm32h7xx_hal_cortex.cyclo ./Drivers/STM32H7xx_HAL_Driver/Src/stm32h7xx_hal_cortex.d ./Drivers/STM32H7xx_HAL_Driver/Src/stm32h7xx_hal_cortex.o ./Drivers/STM32H7xx_HAL_Driver/Src/stm32h7xx_hal_cortex.su ./Drivers/STM32H7xx_HAL_Driver/Src/stm32h7xx_hal_dma.cyclo ./Drivers/STM32H7xx_HAL_Driver/Src/stm32h7xx_hal_dma.d ./Drivers/STM32H7xx_HAL_Driver/Src/stm32h7xx_hal_dma.o ./Drivers/STM32H7xx_HAL_Driver/Src/stm32h7xx_hal_dma.su ./Drivers/STM32H7xx_HAL_Driver/Src/stm32h7xx_hal_dma_ex.cyclo ./Drivers/STM32H7xx_HAL_Driver/Src/stm32h7xx_hal_dma_ex.d ./Drivers/STM32H7xx_HAL_Driver/Src/stm32h7xx_hal_dma_ex.o ./Drivers/STM32H7xx_HAL_Driver/Src/stm32h7xx_hal_dma_ex.su ./Drivers/STM32H7xx_HAL_Driver/Src/stm32h7xx_hal_exti.cyclo ./Drivers/STM32H7xx_HAL_Driver/Src/stm32h7xx_hal_exti.d ./Drivers/STM32H7xx_HAL_Driver/Src/stm32h7xx_hal_exti.o ./Drivers/STM32H7xx_HAL_Driver/Src/stm32h7xx_hal_exti.su ./Drivers/STM32H7xx_HAL_Driver/Src/stm32h7xx_hal_flash.cyclo ./Drivers/STM32H7xx_HAL_Driver/Src/stm32h7xx_hal_flash.d ./Drivers/STM32H7xx_HAL_Driver/Src/stm32h7xx_hal_flash.o ./Drivers/STM32H7xx_HAL_Driver/Src/stm32h7xx_hal_flash.su ./Drivers/STM32H7xx_HAL_Driver/Src/stm32h7xx_hal_flash_ex.cyclo ./Drivers/STM32H7xx_HAL_Driver/Src/stm32h7xx_hal_flash_ex.d ./Drivers/STM32H7xx_HAL_Driver/Src/stm32h7xx_hal_flash_ex.o ./Drivers/STM32H7xx_HAL_Driver/Src/stm32h7xx_hal_flash_ex.su ./Drivers/STM32H7xx_HAL_Driver/Src/stm32h7xx_hal_gpio.cyclo ./Drivers/STM32H7xx_HAL_Driver/Src/stm32h7xx_hal_gpio.d ./Drivers/STM32H7xx_HAL_Driver/Src/stm32h7xx_hal_gpio.o ./Drivers/STM32H7xx_HAL_Driver/Src/stm32h7xx_hal_gpio.su ./Drivers/STM32H7xx_HAL_Driver/Src/stm32h7xx_hal_hsem.cyclo ./Drivers/STM32H7xx_HAL_Driver/Src/stm32h7xx_hal_hsem.d ./Drivers/STM32H7xx_HAL_Driver/Src/stm32h7xx_hal_hsem.o ./Drivers/STM32H7xx_HAL_Driver/Src/stm32h7xx_hal_hsem.su ./Drivers/STM32H7xx_HAL_Driver/Src/stm32h7xx_hal_i2c.cyclo ./Drivers/STM32H7xx_HAL_Driver/Src/stm32h7xx_hal_i2c.d ./Drivers/STM32H7xx_HAL_Driver/Src/stm32h7xx_hal_i2c.o ./Drivers/STM32H7xx_HAL_Driver/Src/stm32h7xx_hal_i2c.su ./Drivers/STM32H7xx_HAL_Driver/Src/stm32h7xx_hal_i2c_ex.cyclo ./Drivers/STM32H7xx_HAL_Driver/Src/stm32h7xx_hal_i2c_ex.d ./Drivers/STM32H7xx_HAL_Driver/Src/stm32h7xx_hal_i2c_ex.o ./Drivers/STM32H7xx_HAL_Driver/Src/stm32h7xx_hal_i2c_ex.su ./Drivers/STM32H7xx_HAL_Driver/Src/stm32h7xx_hal_mdma.cyclo ./Drivers/STM32H7xx_HAL_Driver/Src/stm32h7xx_hal_mdma.d ./Drivers/STM32H7xx_HAL_Driver/Src/stm32h7xx_hal_mdma.o ./Drivers/STM32H7xx_HAL_Driver/Src/stm32h7xx_hal_mdma.su ./Drivers/STM32H7xx_HAL_Driver/Src/stm32h7xx_hal_pwr.cyclo ./Drivers/STM32H7xx_HAL_Driver/Src/stm32h7xx_hal_pwr.d ./Drivers/STM32H7xx_HAL_Driver/Src/stm32h7xx_hal_pwr.o ./Drivers/STM32H7xx_HAL_Driver/Src/stm32h7xx_hal_pwr.su ./Drivers/STM32H7xx_HAL_Driver/Src/stm32h7xx_hal_pwr_ex.cyclo ./Drivers/STM32H7xx_HAL_Driver/Src/stm32h7xx_hal_pwr_ex.d ./Drivers/STM32H7xx_HAL_Driver/Src/stm32h7xx_hal_pwr_ex.o ./Drivers/STM32H7xx_HAL_Driver/Src/stm32h7xx_hal_pwr_ex.su ./Drivers/STM32H7xx_HAL_Driver/Src/stm32h7xx_hal_rcc.cyclo ./Drivers/STM32H7xx_HAL_Driver/Src/stm32h7xx_hal_rcc.d ./Drivers/STM32H7xx_HAL_Driver/Src/stm32h7xx_hal_rcc.o ./Drivers/STM32H7xx_HAL_Driver/Src/stm32h7xx_hal_rcc.su ./Drivers/STM32H7xx_HAL_Driver/Src/stm32h7xx_hal_rcc_ex.cyclo ./Drivers/STM32H7xx_HAL_Driver/Src/stm32h7xx_hal_rcc_ex.d ./Drivers/STM32H7xx_HAL_Driver/Src/stm32h7xx_hal_rcc_ex.o ./Drivers/STM32H7xx_HAL_Driver/Src/stm32h7xx_hal_rcc_ex.su ./Drivers/STM32H7xx_HAL_Driver/Src/stm32h7xx_hal_spi.cyclo ./Drivers/STM32H7xx_HAL_Driver/Src/stm32h7xx_hal_spi.d ./Drivers/STM32H7xx_HAL_Driver/Src/stm32h7xx_hal_spi.o ./Drivers/STM32H7xx_HAL_Driver/Src/stm32h7xx_hal_spi.su ./Drivers/STM32H7xx_HAL_Driver/Src/stm32h7xx_hal_spi_ex.cyclo ./Drivers/STM32H7xx_HAL_Driver/Src/stm32h7xx_hal_spi_ex.d ./Drivers/STM32H7xx_HAL_Driver/Src/stm32h7xx_hal_spi_ex.o ./Drivers/STM32H7xx_HAL_Driver/Src/stm32h7xx_hal_spi_ex.su ./Drivers/STM32H7xx_HAL_Driver/Src/stm32h7xx_hal_tim.cyclo ./Drivers/STM32H7xx_HAL_Driver/Src/stm32h7xx_hal_tim.d ./Drivers/STM32H7xx_HAL_Driver/Src/stm32h7xx_hal_tim.o ./Drivers/STM32H7xx_HAL_Driver/Src/stm32h7xx_hal_tim.su ./Drivers/STM32H7xx_HAL_Driver/Src/stm32h7xx_hal_tim_ex.cyclo ./Drivers/STM32H7xx_HAL_Driver/Src/stm32h7xx_hal_tim_ex.d ./Drivers/STM32H7xx_HAL_Driver/Src/stm32h7xx_hal_tim_ex.o ./Drivers/STM32H7xx_HAL_Driver/Src/stm32h7xx_hal_tim_ex.su ./Drivers/STM32H7xx_HAL_Driver/Src/stm32h7xx_hal_uart.cyclo ./Drivers/STM32H7xx_HAL_Driver/Src/stm32h7xx_hal_uart.d ./Drivers/STM32H7xx_HAL_Driver/Src/stm32h7xx_hal_uart.o ./Drivers/STM32H7xx_HAL_Driver/Src/stm32h7xx_hal_uart.su ./Drivers/STM32H7xx_HAL_Driver/Src/stm32h7xx_hal_uart_ex.cyclo ./Drivers/STM32H7xx_HAL_Driver/Src/stm32h7xx_hal_uart_ex.d ./Drivers/STM32H7xx_HAL_Driver/Src/stm32h7xx_hal_uart_ex.o ./Drivers/STM32H7xx_HAL_Driver/Src/stm32h7xx_hal_uart_ex.su
rm -rf ./Core/Startup/startup_stm32h750vbtx.d ./Core/Startup/startup_stm32h750vbtx.o
rm -rf ./Core/Src/gpio.cyclo ./Core/Src/gpio.d ./Core/Src/gpio.o ./Core/Src/gpio.su ./Core/Src/main.cyclo ./Core/Src/main.d ./Core/Src/main.o ./Core/Src/main.su ./Core/Src/spi.cyclo ./Core/Src/spi.d ./Core/Src/spi.o ./Core/Src/spi.su ./Core/Src/stm32h7xx_hal_msp.cyclo ./Core/Src/stm32h7xx_hal_msp.d ./Core/Src/stm32h7xx_hal_msp.o ./Core/Src/stm32h7xx_hal_msp.su ./Core/Src/stm32h7xx_it.cyclo ./Core/Src/stm32h7xx_it.d ./Core/Src/stm32h7xx_it.o ./Core/Src/stm32h7xx_it.su ./Core/Src/syscalls.cyclo ./Core/Src/syscalls.d ./Core/Src/syscalls.o ./Core/Src/syscalls.su ./Core/Src/sysmem.cyclo ./Core/Src/sysmem.d ./Core/Src/sysmem.o ./Core/Src/sysmem.su ./Core/Src/system_stm32h7xx.cyclo ./Core/Src/system_stm32h7xx.d ./Core/Src/system_stm32h7xx.o ./Core/Src/system_stm32h7xx.su ./Core/Src/usart.cyclo ./Core/Src/usart.d ./Core/Src/usart.o ./Core/Src/usart.su
rm -rf CubeMX_STM32H750VBT6.bin CubeMX_STM32H750VBT6.elf CubeMX_STM32H750VBT6.hex CubeMX_STM32H750VBT6.list CubeMX_STM32H750VBT6.map default.size.stdout
 
18:31:08 **** Incremental Build of configuration Debug for project CubeMX_STM32H750VBT6 ****
make -j4 all 
arm-none-eabi-gcc "../User/Src/lcd_169.c" -mcpu=cortex-m7 -std=gnu11 -g3 -DDEBUG -DUSE_HAL_DRIVER -DSTM32H750xx -c -I../Core/Inc -I../Drivers/STM32H7xx_HAL_Driver/Inc -I../Drivers/STM32H7xx_HAL_Driver/Inc/Legacy -I../Drivers/CMSIS/Device/ST/STM32H7xx/Include -I../Drivers/CMSIS/Include -I../User/Inc -I../Drivers/lvgl -I../Middleware/LVGL -O0 -ffunction-sections -fdata-sections -Wall -fstack-usage -fcyclomatic-complexity -MMD -MP -MF"User/Src/lcd_169.d" -MT"User/Src/lcd_169.o" --specs=nano.specs -mfpu=fpv5-d16 -mfloat-abi=hard -mthumb -o "User/Src/lcd_169.o"
arm-none-eabi-gcc "../User/Src/lcd_fonts.c" -mcpu=cortex-m7 -std=gnu11 -g3 -DDEBUG -DUSE_HAL_DRIVER -DSTM32H750xx -c -I../Core/Inc -I../Drivers/STM32H7xx_HAL_Driver/Inc -I../Drivers/STM32H7xx_HAL_Driver/Inc/Legacy -I../Drivers/CMSIS/Device/ST/STM32H7xx/Include -I../Drivers/CMSIS/Include -I../User/Inc -I../Drivers/lvgl -I../Middleware/LVGL -O0 -ffunction-sections -fdata-sections -Wall -fstack-usage -fcyclomatic-complexity -MMD -MP -MF"User/Src/lcd_fonts.d" -MT"User/Src/lcd_fonts.o" --specs=nano.specs -mfpu=fpv5-d16 -mfloat-abi=hard -mthumb -o "User/Src/lcd_fonts.o"
arm-none-eabi-gcc "../User/Src/lcd_image.c" -mcpu=cortex-m7 -std=gnu11 -g3 -DDEBUG -DUSE_HAL_DRIVER -DSTM32H750xx -c -I../Core/Inc -I../Drivers/STM32H7xx_HAL_Driver/Inc -I../Drivers/STM32H7xx_HAL_Driver/Inc/Legacy -I../Drivers/CMSIS/Device/ST/STM32H7xx/Include -I../Drivers/CMSIS/Include -I../User/Inc -I../Drivers/lvgl -I../Middleware/LVGL -O0 -ffunction-sections -fdata-sections -Wall -fstack-usage -fcyclomatic-complexity -MMD -MP -MF"User/Src/lcd_image.d" -MT"User/Src/lcd_image.o" --specs=nano.specs -mfpu=fpv5-d16 -mfloat-abi=hard -mthumb -o "User/Src/lcd_image.o"
arm-none-eabi-gcc "../User/Src/led.c" -mcpu=cortex-m7 -std=gnu11 -g3 -DDEBUG -DUSE_HAL_DRIVER -DSTM32H750xx -c -I../Core/Inc -I../Drivers/STM32H7xx_HAL_Driver/Inc -I../Drivers/STM32H7xx_HAL_Driver/Inc/Legacy -I../Drivers/CMSIS/Device/ST/STM32H7xx/Include -I../Drivers/CMSIS/Include -I../User/Inc -I../Drivers/lvgl -I../Middleware/LVGL -O0 -ffunction-sections -fdata-sections -Wall -fstack-usage -fcyclomatic-complexity -MMD -MP -MF"User/Src/led.d" -MT"User/Src/led.o" --specs=nano.specs -mfpu=fpv5-d16 -mfloat-abi=hard -mthumb -o "User/Src/led.o"
arm-none-eabi-gcc "../User/Src/lvgl_app.c" -mcpu=cortex-m7 -std=gnu11 -g3 -DDEBUG -DUSE_HAL_DRIVER -DSTM32H750xx -c -I../Core/Inc -I../Drivers/STM32H7xx_HAL_Driver/Inc -I../Drivers/STM32H7xx_HAL_Driver/Inc/Legacy -I../Drivers/CMSIS/Device/ST/STM32H7xx/Include -I../Drivers/CMSIS/Include -I../User/Inc -I../Drivers/lvgl -I../Middleware/LVGL -O0 -ffunction-sections -fdata-sections -Wall -fstack-usage -fcyclomatic-complexity -MMD -MP -MF"User/Src/lvgl_app.d" -MT"User/Src/lvgl_app.o" --specs=nano.specs -mfpu=fpv5-d16 -mfloat-abi=hard -mthumb -o "User/Src/lvgl_app.o"
arm-none-eabi-gcc "../Drivers/STM32H7xx_HAL_Driver/Src/stm32h7xx_hal.c" -mcpu=cortex-m7 -std=gnu11 -g3 -DDEBUG -DUSE_HAL_DRIVER -DSTM32H750xx -c -I../Core/Inc -I../Drivers/STM32H7xx_HAL_Driver/Inc -I../Drivers/STM32H7xx_HAL_Driver/Inc/Legacy -I../Drivers/CMSIS/Device/ST/STM32H7xx/Include -I../Drivers/CMSIS/Include -I../User/Inc -I../Drivers/lvgl -I../Middleware/LVGL -O0 -ffunction-sections -fdata-sections -Wall -fstack-usage -fcyclomatic-complexity -MMD -MP -MF"Drivers/STM32H7xx_HAL_Driver/Src/stm32h7xx_hal.d" -MT"Drivers/STM32H7xx_HAL_Driver/Src/stm32h7xx_hal.o" --specs=nano.specs -mfpu=fpv5-d16 -mfloat-abi=hard -mthumb -o "Drivers/STM32H7xx_HAL_Driver/Src/stm32h7xx_hal.o"
../User/Src/lcd_169.c: In function 'LCD_DisplayNumber':
../User/Src/lcd_169.c:688:28: warning: '0' flag ignored with precision and '%d' gnu_printf format [-Wformat=]
  688 |     sprintf(Number_Buffer, "%0.*d", len, number); // 将 number 转换成字符串，便于显示
      |                            ^~~~~~~
../User/Src/lcd_169.c:688:33: warning: format '%d' expects argument of type 'int', but argument 4 has type 'int32_t' {aka 'long int'} [-Wformat=]
  688 |     sprintf(Number_Buffer, "%0.*d", len, number); // 将 number 转换成字符串，便于显示
      |                             ~~~~^        ~~~~~~
      |                                 |        |
      |                                 int      int32_t {aka long int}
      |                             %0.*ld
../User/Src/lcd_169.c:692:31: warning: format '%d' expects argument of type 'int', but argument 4 has type 'int32_t' {aka 'long int'} [-Wformat=]
  692 |     sprintf(Number_Buffer, "%*d", len, number); // 将 number 转换成字符串，便于显示
      |                             ~~^        ~~~~~~
      |                               |        |
      |                               int      int32_t {aka long int}
      |                             %*ld
arm-none-eabi-gcc "../Drivers/STM32H7xx_HAL_Driver/Src/stm32h7xx_hal_cortex.c" -mcpu=cortex-m7 -std=gnu11 -g3 -DDEBUG -DUSE_HAL_DRIVER -DSTM32H750xx -c -I../Core/Inc -I../Drivers/STM32H7xx_HAL_Driver/Inc -I../Drivers/STM32H7xx_HAL_Driver/Inc/Legacy -I../Drivers/CMSIS/Device/ST/STM32H7xx/Include -I../Drivers/CMSIS/Include -I../User/Inc -I../Drivers/lvgl -I../Middleware/LVGL -O0 -ffunction-sections -fdata-sections -Wall -fstack-usage -fcyclomatic-complexity -MMD -MP -MF"Drivers/STM32H7xx_HAL_Driver/Src/stm32h7xx_hal_cortex.d" -MT"Drivers/STM32H7xx_HAL_Driver/Src/stm32h7xx_hal_cortex.o" --specs=nano.specs -mfpu=fpv5-d16 -mfloat-abi=hard -mthumb -o "Drivers/STM32H7xx_HAL_Driver/Src/stm32h7xx_hal_cortex.o"
arm-none-eabi-gcc "../Drivers/STM32H7xx_HAL_Driver/Src/stm32h7xx_hal_dma.c" -mcpu=cortex-m7 -std=gnu11 -g3 -DDEBUG -DUSE_HAL_DRIVER -DSTM32H750xx -c -I../Core/Inc -I../Drivers/STM32H7xx_HAL_Driver/Inc -I../Drivers/STM32H7xx_HAL_Driver/Inc/Legacy -I../Drivers/CMSIS/Device/ST/STM32H7xx/Include -I../Drivers/CMSIS/Include -I../User/Inc -I../Drivers/lvgl -I../Middleware/LVGL -O0 -ffunction-sections -fdata-sections -Wall -fstack-usage -fcyclomatic-complexity -MMD -MP -MF"Drivers/STM32H7xx_HAL_Driver/Src/stm32h7xx_hal_dma.d" -MT"Drivers/STM32H7xx_HAL_Driver/Src/stm32h7xx_hal_dma.o" --specs=nano.specs -mfpu=fpv5-d16 -mfloat-abi=hard -mthumb -o "Drivers/STM32H7xx_HAL_Driver/Src/stm32h7xx_hal_dma.o"
arm-none-eabi-gcc "../Drivers/STM32H7xx_HAL_Driver/Src/stm32h7xx_hal_dma_ex.c" -mcpu=cortex-m7 -std=gnu11 -g3 -DDEBUG -DUSE_HAL_DRIVER -DSTM32H750xx -c -I../Core/Inc -I../Drivers/STM32H7xx_HAL_Driver/Inc -I../Drivers/STM32H7xx_HAL_Driver/Inc/Legacy -I../Drivers/CMSIS/Device/ST/STM32H7xx/Include -I../Drivers/CMSIS/Include -I../User/Inc -I../Drivers/lvgl -I../Middleware/LVGL -O0 -ffunction-sections -fdata-sections -Wall -fstack-usage -fcyclomatic-complexity -MMD -MP -MF"Drivers/STM32H7xx_HAL_Driver/Src/stm32h7xx_hal_dma_ex.d" -MT"Drivers/STM32H7xx_HAL_Driver/Src/stm32h7xx_hal_dma_ex.o" --specs=nano.specs -mfpu=fpv5-d16 -mfloat-abi=hard -mthumb -o "Drivers/STM32H7xx_HAL_Driver/Src/stm32h7xx_hal_dma_ex.o"
arm-none-eabi-gcc "../Drivers/STM32H7xx_HAL_Driver/Src/stm32h7xx_hal_exti.c" -mcpu=cortex-m7 -std=gnu11 -g3 -DDEBUG -DUSE_HAL_DRIVER -DSTM32H750xx -c -I../Core/Inc -I../Drivers/STM32H7xx_HAL_Driver/Inc -I../Drivers/STM32H7xx_HAL_Driver/Inc/Legacy -I../Drivers/CMSIS/Device/ST/STM32H7xx/Include -I../Drivers/CMSIS/Include -I../User/Inc -I../Drivers/lvgl -I../Middleware/LVGL -O0 -ffunction-sections -fdata-sections -Wall -fstack-usage -fcyclomatic-complexity -MMD -MP -MF"Drivers/STM32H7xx_HAL_Driver/Src/stm32h7xx_hal_exti.d" -MT"Drivers/STM32H7xx_HAL_Driver/Src/stm32h7xx_hal_exti.o" --specs=nano.specs -mfpu=fpv5-d16 -mfloat-abi=hard -mthumb -o "Drivers/STM32H7xx_HAL_Driver/Src/stm32h7xx_hal_exti.o"
arm-none-eabi-gcc "../Drivers/STM32H7xx_HAL_Driver/Src/stm32h7xx_hal_flash.c" -mcpu=cortex-m7 -std=gnu11 -g3 -DDEBUG -DUSE_HAL_DRIVER -DSTM32H750xx -c -I../Core/Inc -I../Drivers/STM32H7xx_HAL_Driver/Inc -I../Drivers/STM32H7xx_HAL_Driver/Inc/Legacy -I../Drivers/CMSIS/Device/ST/STM32H7xx/Include -I../Drivers/CMSIS/Include -I../User/Inc -I../Drivers/lvgl -I../Middleware/LVGL -O0 -ffunction-sections -fdata-sections -Wall -fstack-usage -fcyclomatic-complexity -MMD -MP -MF"Drivers/STM32H7xx_HAL_Driver/Src/stm32h7xx_hal_flash.d" -MT"Drivers/STM32H7xx_HAL_Driver/Src/stm32h7xx_hal_flash.o" --specs=nano.specs -mfpu=fpv5-d16 -mfloat-abi=hard -mthumb -o "Drivers/STM32H7xx_HAL_Driver/Src/stm32h7xx_hal_flash.o"
arm-none-eabi-gcc "../Drivers/STM32H7xx_HAL_Driver/Src/stm32h7xx_hal_flash_ex.c" -mcpu=cortex-m7 -std=gnu11 -g3 -DDEBUG -DUSE_HAL_DRIVER -DSTM32H750xx -c -I../Core/Inc -I../Drivers/STM32H7xx_HAL_Driver/Inc -I../Drivers/STM32H7xx_HAL_Driver/Inc/Legacy -I../Drivers/CMSIS/Device/ST/STM32H7xx/Include -I../Drivers/CMSIS/Include -I../User/Inc -I../Drivers/lvgl -I../Middleware/LVGL -O0 -ffunction-sections -fdata-sections -Wall -fstack-usage -fcyclomatic-complexity -MMD -MP -MF"Drivers/STM32H7xx_HAL_Driver/Src/stm32h7xx_hal_flash_ex.d" -MT"Drivers/STM32H7xx_HAL_Driver/Src/stm32h7xx_hal_flash_ex.o" --specs=nano.specs -mfpu=fpv5-d16 -mfloat-abi=hard -mthumb -o "Drivers/STM32H7xx_HAL_Driver/Src/stm32h7xx_hal_flash_ex.o"
arm-none-eabi-gcc "../Drivers/STM32H7xx_HAL_Driver/Src/stm32h7xx_hal_gpio.c" -mcpu=cortex-m7 -std=gnu11 -g3 -DDEBUG -DUSE_HAL_DRIVER -DSTM32H750xx -c -I../Core/Inc -I../Drivers/STM32H7xx_HAL_Driver/Inc -I../Drivers/STM32H7xx_HAL_Driver/Inc/Legacy -I../Drivers/CMSIS/Device/ST/STM32H7xx/Include -I../Drivers/CMSIS/Include -I../User/Inc -I../Drivers/lvgl -I../Middleware/LVGL -O0 -ffunction-sections -fdata-sections -Wall -fstack-usage -fcyclomatic-complexity -MMD -MP -MF"Drivers/STM32H7xx_HAL_Driver/Src/stm32h7xx_hal_gpio.d" -MT"Drivers/STM32H7xx_HAL_Driver/Src/stm32h7xx_hal_gpio.o" --specs=nano.specs -mfpu=fpv5-d16 -mfloat-abi=hard -mthumb -o "Drivers/STM32H7xx_HAL_Driver/Src/stm32h7xx_hal_gpio.o"
arm-none-eabi-gcc "../Drivers/STM32H7xx_HAL_Driver/Src/stm32h7xx_hal_hsem.c" -mcpu=cortex-m7 -std=gnu11 -g3 -DDEBUG -DUSE_HAL_DRIVER -DSTM32H750xx -c -I../Core/Inc -I../Drivers/STM32H7xx_HAL_Driver/Inc -I../Drivers/STM32H7xx_HAL_Driver/Inc/Legacy -I../Drivers/CMSIS/Device/ST/STM32H7xx/Include -I../Drivers/CMSIS/Include -I../User/Inc -I../Drivers/lvgl -I../Middleware/LVGL -O0 -ffunction-sections -fdata-sections -Wall -fstack-usage -fcyclomatic-complexity -MMD -MP -MF"Drivers/STM32H7xx_HAL_Driver/Src/stm32h7xx_hal_hsem.d" -MT"Drivers/STM32H7xx_HAL_Driver/Src/stm32h7xx_hal_hsem.o" --specs=nano.specs -mfpu=fpv5-d16 -mfloat-abi=hard -mthumb -o "Drivers/STM32H7xx_HAL_Driver/Src/stm32h7xx_hal_hsem.o"
arm-none-eabi-gcc "../Drivers/STM32H7xx_HAL_Driver/Src/stm32h7xx_hal_i2c.c" -mcpu=cortex-m7 -std=gnu11 -g3 -DDEBUG -DUSE_HAL_DRIVER -DSTM32H750xx -c -I../Core/Inc -I../Drivers/STM32H7xx_HAL_Driver/Inc -I../Drivers/STM32H7xx_HAL_Driver/Inc/Legacy -I../Drivers/CMSIS/Device/ST/STM32H7xx/Include -I../Drivers/CMSIS/Include -I../User/Inc -I../Drivers/lvgl -I../Middleware/LVGL -O0 -ffunction-sections -fdata-sections -Wall -fstack-usage -fcyclomatic-complexity -MMD -MP -MF"Drivers/STM32H7xx_HAL_Driver/Src/stm32h7xx_hal_i2c.d" -MT"Drivers/STM32H7xx_HAL_Driver/Src/stm32h7xx_hal_i2c.o" --specs=nano.specs -mfpu=fpv5-d16 -mfloat-abi=hard -mthumb -o "Drivers/STM32H7xx_HAL_Driver/Src/stm32h7xx_hal_i2c.o"
arm-none-eabi-gcc "../Drivers/STM32H7xx_HAL_Driver/Src/stm32h7xx_hal_i2c_ex.c" -mcpu=cortex-m7 -std=gnu11 -g3 -DDEBUG -DUSE_HAL_DRIVER -DSTM32H750xx -c -I../Core/Inc -I../Drivers/STM32H7xx_HAL_Driver/Inc -I../Drivers/STM32H7xx_HAL_Driver/Inc/Legacy -I../Drivers/CMSIS/Device/ST/STM32H7xx/Include -I../Drivers/CMSIS/Include -I../User/Inc -I../Drivers/lvgl -I../Middleware/LVGL -O0 -ffunction-sections -fdata-sections -Wall -fstack-usage -fcyclomatic-complexity -MMD -MP -MF"Drivers/STM32H7xx_HAL_Driver/Src/stm32h7xx_hal_i2c_ex.d" -MT"Drivers/STM32H7xx_HAL_Driver/Src/stm32h7xx_hal_i2c_ex.o" --specs=nano.specs -mfpu=fpv5-d16 -mfloat-abi=hard -mthumb -o "Drivers/STM32H7xx_HAL_Driver/Src/stm32h7xx_hal_i2c_ex.o"
arm-none-eabi-gcc "../Drivers/STM32H7xx_HAL_Driver/Src/stm32h7xx_hal_mdma.c" -mcpu=cortex-m7 -std=gnu11 -g3 -DDEBUG -DUSE_HAL_DRIVER -DSTM32H750xx -c -I../Core/Inc -I../Drivers/STM32H7xx_HAL_Driver/Inc -I../Drivers/STM32H7xx_HAL_Driver/Inc/Legacy -I../Drivers/CMSIS/Device/ST/STM32H7xx/Include -I../Drivers/CMSIS/Include -I../User/Inc -I../Drivers/lvgl -I../Middleware/LVGL -O0 -ffunction-sections -fdata-sections -Wall -fstack-usage -fcyclomatic-complexity -MMD -MP -MF"Drivers/STM32H7xx_HAL_Driver/Src/stm32h7xx_hal_mdma.d" -MT"Drivers/STM32H7xx_HAL_Driver/Src/stm32h7xx_hal_mdma.o" --specs=nano.specs -mfpu=fpv5-d16 -mfloat-abi=hard -mthumb -o "Drivers/STM32H7xx_HAL_Driver/Src/stm32h7xx_hal_mdma.o"
arm-none-eabi-gcc "../Drivers/STM32H7xx_HAL_Driver/Src/stm32h7xx_hal_pwr.c" -mcpu=cortex-m7 -std=gnu11 -g3 -DDEBUG -DUSE_HAL_DRIVER -DSTM32H750xx -c -I../Core/Inc -I../Drivers/STM32H7xx_HAL_Driver/Inc -I../Drivers/STM32H7xx_HAL_Driver/Inc/Legacy -I../Drivers/CMSIS/Device/ST/STM32H7xx/Include -I../Drivers/CMSIS/Include -I../User/Inc -I../Drivers/lvgl -I../Middleware/LVGL -O0 -ffunction-sections -fdata-sections -Wall -fstack-usage -fcyclomatic-complexity -MMD -MP -MF"Drivers/STM32H7xx_HAL_Driver/Src/stm32h7xx_hal_pwr.d" -MT"Drivers/STM32H7xx_HAL_Driver/Src/stm32h7xx_hal_pwr.o" --specs=nano.specs -mfpu=fpv5-d16 -mfloat-abi=hard -mthumb -o "Drivers/STM32H7xx_HAL_Driver/Src/stm32h7xx_hal_pwr.o"
arm-none-eabi-gcc "../Drivers/STM32H7xx_HAL_Driver/Src/stm32h7xx_hal_pwr_ex.c" -mcpu=cortex-m7 -std=gnu11 -g3 -DDEBUG -DUSE_HAL_DRIVER -DSTM32H750xx -c -I../Core/Inc -I../Drivers/STM32H7xx_HAL_Driver/Inc -I../Drivers/STM32H7xx_HAL_Driver/Inc/Legacy -I../Drivers/CMSIS/Device/ST/STM32H7xx/Include -I../Drivers/CMSIS/Include -I../User/Inc -I../Drivers/lvgl -I../Middleware/LVGL -O0 -ffunction-sections -fdata-sections -Wall -fstack-usage -fcyclomatic-complexity -MMD -MP -MF"Drivers/STM32H7xx_HAL_Driver/Src/stm32h7xx_hal_pwr_ex.d" -MT"Drivers/STM32H7xx_HAL_Driver/Src/stm32h7xx_hal_pwr_ex.o" --specs=nano.specs -mfpu=fpv5-d16 -mfloat-abi=hard -mthumb -o "Drivers/STM32H7xx_HAL_Driver/Src/stm32h7xx_hal_pwr_ex.o"
arm-none-eabi-gcc "../Drivers/STM32H7xx_HAL_Driver/Src/stm32h7xx_hal_rcc.c" -mcpu=cortex-m7 -std=gnu11 -g3 -DDEBUG -DUSE_HAL_DRIVER -DSTM32H750xx -c -I../Core/Inc -I../Drivers/STM32H7xx_HAL_Driver/Inc -I../Drivers/STM32H7xx_HAL_Driver/Inc/Legacy -I../Drivers/CMSIS/Device/ST/STM32H7xx/Include -I../Drivers/CMSIS/Include -I../User/Inc -I../Drivers/lvgl -I../Middleware/LVGL -O0 -ffunction-sections -fdata-sections -Wall -fstack-usage -fcyclomatic-complexity -MMD -MP -MF"Drivers/STM32H7xx_HAL_Driver/Src/stm32h7xx_hal_rcc.d" -MT"Drivers/STM32H7xx_HAL_Driver/Src/stm32h7xx_hal_rcc.o" --specs=nano.specs -mfpu=fpv5-d16 -mfloat-abi=hard -mthumb -o "Drivers/STM32H7xx_HAL_Driver/Src/stm32h7xx_hal_rcc.o"
arm-none-eabi-gcc "../Drivers/STM32H7xx_HAL_Driver/Src/stm32h7xx_hal_rcc_ex.c" -mcpu=cortex-m7 -std=gnu11 -g3 -DDEBUG -DUSE_HAL_DRIVER -DSTM32H750xx -c -I../Core/Inc -I../Drivers/STM32H7xx_HAL_Driver/Inc -I../Drivers/STM32H7xx_HAL_Driver/Inc/Legacy -I../Drivers/CMSIS/Device/ST/STM32H7xx/Include -I../Drivers/CMSIS/Include -I../User/Inc -I../Drivers/lvgl -I../Middleware/LVGL -O0 -ffunction-sections -fdata-sections -Wall -fstack-usage -fcyclomatic-complexity -MMD -MP -MF"Drivers/STM32H7xx_HAL_Driver/Src/stm32h7xx_hal_rcc_ex.d" -MT"Drivers/STM32H7xx_HAL_Driver/Src/stm32h7xx_hal_rcc_ex.o" --specs=nano.specs -mfpu=fpv5-d16 -mfloat-abi=hard -mthumb -o "Drivers/STM32H7xx_HAL_Driver/Src/stm32h7xx_hal_rcc_ex.o"
arm-none-eabi-gcc "../Drivers/STM32H7xx_HAL_Driver/Src/stm32h7xx_hal_spi.c" -mcpu=cortex-m7 -std=gnu11 -g3 -DDEBUG -DUSE_HAL_DRIVER -DSTM32H750xx -c -I../Core/Inc -I../Drivers/STM32H7xx_HAL_Driver/Inc -I../Drivers/STM32H7xx_HAL_Driver/Inc/Legacy -I../Drivers/CMSIS/Device/ST/STM32H7xx/Include -I../Drivers/CMSIS/Include -I../User/Inc -I../Drivers/lvgl -I../Middleware/LVGL -O0 -ffunction-sections -fdata-sections -Wall -fstack-usage -fcyclomatic-complexity -MMD -MP -MF"Drivers/STM32H7xx_HAL_Driver/Src/stm32h7xx_hal_spi.d" -MT"Drivers/STM32H7xx_HAL_Driver/Src/stm32h7xx_hal_spi.o" --specs=nano.specs -mfpu=fpv5-d16 -mfloat-abi=hard -mthumb -o "Drivers/STM32H7xx_HAL_Driver/Src/stm32h7xx_hal_spi.o"
arm-none-eabi-gcc "../Drivers/STM32H7xx_HAL_Driver/Src/stm32h7xx_hal_spi_ex.c" -mcpu=cortex-m7 -std=gnu11 -g3 -DDEBUG -DUSE_HAL_DRIVER -DSTM32H750xx -c -I../Core/Inc -I../Drivers/STM32H7xx_HAL_Driver/Inc -I../Drivers/STM32H7xx_HAL_Driver/Inc/Legacy -I../Drivers/CMSIS/Device/ST/STM32H7xx/Include -I../Drivers/CMSIS/Include -I../User/Inc -I../Drivers/lvgl -I../Middleware/LVGL -O0 -ffunction-sections -fdata-sections -Wall -fstack-usage -fcyclomatic-complexity -MMD -MP -MF"Drivers/STM32H7xx_HAL_Driver/Src/stm32h7xx_hal_spi_ex.d" -MT"Drivers/STM32H7xx_HAL_Driver/Src/stm32h7xx_hal_spi_ex.o" --specs=nano.specs -mfpu=fpv5-d16 -mfloat-abi=hard -mthumb -o "Drivers/STM32H7xx_HAL_Driver/Src/stm32h7xx_hal_spi_ex.o"
arm-none-eabi-gcc "../Drivers/STM32H7xx_HAL_Driver/Src/stm32h7xx_hal_tim.c" -mcpu=cortex-m7 -std=gnu11 -g3 -DDEBUG -DUSE_HAL_DRIVER -DSTM32H750xx -c -I../Core/Inc -I../Drivers/STM32H7xx_HAL_Driver/Inc -I../Drivers/STM32H7xx_HAL_Driver/Inc/Legacy -I../Drivers/CMSIS/Device/ST/STM32H7xx/Include -I../Drivers/CMSIS/Include -I../User/Inc -I../Drivers/lvgl -I../Middleware/LVGL -O0 -ffunction-sections -fdata-sections -Wall -fstack-usage -fcyclomatic-complexity -MMD -MP -MF"Drivers/STM32H7xx_HAL_Driver/Src/stm32h7xx_hal_tim.d" -MT"Drivers/STM32H7xx_HAL_Driver/Src/stm32h7xx_hal_tim.o" --specs=nano.specs -mfpu=fpv5-d16 -mfloat-abi=hard -mthumb -o "Drivers/STM32H7xx_HAL_Driver/Src/stm32h7xx_hal_tim.o"
arm-none-eabi-gcc "../Drivers/STM32H7xx_HAL_Driver/Src/stm32h7xx_hal_tim_ex.c" -mcpu=cortex-m7 -std=gnu11 -g3 -DDEBUG -DUSE_HAL_DRIVER -DSTM32H750xx -c -I../Core/Inc -I../Drivers/STM32H7xx_HAL_Driver/Inc -I../Drivers/STM32H7xx_HAL_Driver/Inc/Legacy -I../Drivers/CMSIS/Device/ST/STM32H7xx/Include -I../Drivers/CMSIS/Include -I../User/Inc -I../Drivers/lvgl -I../Middleware/LVGL -O0 -ffunction-sections -fdata-sections -Wall -fstack-usage -fcyclomatic-complexity -MMD -MP -MF"Drivers/STM32H7xx_HAL_Driver/Src/stm32h7xx_hal_tim_ex.d" -MT"Drivers/STM32H7xx_HAL_Driver/Src/stm32h7xx_hal_tim_ex.o" --specs=nano.specs -mfpu=fpv5-d16 -mfloat-abi=hard -mthumb -o "Drivers/STM32H7xx_HAL_Driver/Src/stm32h7xx_hal_tim_ex.o"
arm-none-eabi-gcc "../Drivers/STM32H7xx_HAL_Driver/Src/stm32h7xx_hal_uart.c" -mcpu=cortex-m7 -std=gnu11 -g3 -DDEBUG -DUSE_HAL_DRIVER -DSTM32H750xx -c -I../Core/Inc -I../Drivers/STM32H7xx_HAL_Driver/Inc -I../Drivers/STM32H7xx_HAL_Driver/Inc/Legacy -I../Drivers/CMSIS/Device/ST/STM32H7xx/Include -I../Drivers/CMSIS/Include -I../User/Inc -I../Drivers/lvgl -I../Middleware/LVGL -O0 -ffunction-sections -fdata-sections -Wall -fstack-usage -fcyclomatic-complexity -MMD -MP -MF"Drivers/STM32H7xx_HAL_Driver/Src/stm32h7xx_hal_uart.d" -MT"Drivers/STM32H7xx_HAL_Driver/Src/stm32h7xx_hal_uart.o" --specs=nano.specs -mfpu=fpv5-d16 -mfloat-abi=hard -mthumb -o "Drivers/STM32H7xx_HAL_Driver/Src/stm32h7xx_hal_uart.o"
arm-none-eabi-gcc "../Drivers/STM32H7xx_HAL_Driver/Src/stm32h7xx_hal_uart_ex.c" -mcpu=cortex-m7 -std=gnu11 -g3 -DDEBUG -DUSE_HAL_DRIVER -DSTM32H750xx -c -I../Core/Inc -I../Drivers/STM32H7xx_HAL_Driver/Inc -I../Drivers/STM32H7xx_HAL_Driver/Inc/Legacy -I../Drivers/CMSIS/Device/ST/STM32H7xx/Include -I../Drivers/CMSIS/Include -I../User/Inc -I../Drivers/lvgl -I../Middleware/LVGL -O0 -ffunction-sections -fdata-sections -Wall -fstack-usage -fcyclomatic-complexity -MMD -MP -MF"Drivers/STM32H7xx_HAL_Driver/Src/stm32h7xx_hal_uart_ex.d" -MT"Drivers/STM32H7xx_HAL_Driver/Src/stm32h7xx_hal_uart_ex.o" --specs=nano.specs -mfpu=fpv5-d16 -mfloat-abi=hard -mthumb -o "Drivers/STM32H7xx_HAL_Driver/Src/stm32h7xx_hal_uart_ex.o"
arm-none-eabi-gcc -mcpu=cortex-m7 -g3 -DDEBUG -c -x assembler-with-cpp -MMD -MP -MF"Core/Startup/startup_stm32h750vbtx.d" -MT"Core/Startup/startup_stm32h750vbtx.o" --specs=nano.specs -mfpu=fpv5-d16 -mfloat-abi=hard -mthumb -o "Core/Startup/startup_stm32h750vbtx.o" "../Core/Startup/startup_stm32h750vbtx.s"
arm-none-eabi-gcc "../Core/Src/gpio.c" -mcpu=cortex-m7 -std=gnu11 -g3 -DDEBUG -DUSE_HAL_DRIVER -DSTM32H750xx -c -I../Core/Inc -I../Drivers/STM32H7xx_HAL_Driver/Inc -I../Drivers/STM32H7xx_HAL_Driver/Inc/Legacy -I../Drivers/CMSIS/Device/ST/STM32H7xx/Include -I../Drivers/CMSIS/Include -I../User/Inc -I../Drivers/lvgl -I../Middleware/LVGL -O0 -ffunction-sections -fdata-sections -Wall -fstack-usage -fcyclomatic-complexity -MMD -MP -MF"Core/Src/gpio.d" -MT"Core/Src/gpio.o" --specs=nano.specs -mfpu=fpv5-d16 -mfloat-abi=hard -mthumb -o "Core/Src/gpio.o"
arm-none-eabi-gcc "../Core/Src/main.c" -mcpu=cortex-m7 -std=gnu11 -g3 -DDEBUG -DUSE_HAL_DRIVER -DSTM32H750xx -c -I../Core/Inc -I../Drivers/STM32H7xx_HAL_Driver/Inc -I../Drivers/STM32H7xx_HAL_Driver/Inc/Legacy -I../Drivers/CMSIS/Device/ST/STM32H7xx/Include -I../Drivers/CMSIS/Include -I../User/Inc -I../Drivers/lvgl -I../Middleware/LVGL -O0 -ffunction-sections -fdata-sections -Wall -fstack-usage -fcyclomatic-complexity -MMD -MP -MF"Core/Src/main.d" -MT"Core/Src/main.o" --specs=nano.specs -mfpu=fpv5-d16 -mfloat-abi=hard -mthumb -o "Core/Src/main.o"
arm-none-eabi-gcc "../Core/Src/spi.c" -mcpu=cortex-m7 -std=gnu11 -g3 -DDEBUG -DUSE_HAL_DRIVER -DSTM32H750xx -c -I../Core/Inc -I../Drivers/STM32H7xx_HAL_Driver/Inc -I../Drivers/STM32H7xx_HAL_Driver/Inc/Legacy -I../Drivers/CMSIS/Device/ST/STM32H7xx/Include -I../Drivers/CMSIS/Include -I../User/Inc -I../Drivers/lvgl -I../Middleware/LVGL -O0 -ffunction-sections -fdata-sections -Wall -fstack-usage -fcyclomatic-complexity -MMD -MP -MF"Core/Src/spi.d" -MT"Core/Src/spi.o" --specs=nano.specs -mfpu=fpv5-d16 -mfloat-abi=hard -mthumb -o "Core/Src/spi.o"
arm-none-eabi-gcc "../Core/Src/stm32h7xx_hal_msp.c" -mcpu=cortex-m7 -std=gnu11 -g3 -DDEBUG -DUSE_HAL_DRIVER -DSTM32H750xx -c -I../Core/Inc -I../Drivers/STM32H7xx_HAL_Driver/Inc -I../Drivers/STM32H7xx_HAL_Driver/Inc/Legacy -I../Drivers/CMSIS/Device/ST/STM32H7xx/Include -I../Drivers/CMSIS/Include -I../User/Inc -I../Drivers/lvgl -I../Middleware/LVGL -O0 -ffunction-sections -fdata-sections -Wall -fstack-usage -fcyclomatic-complexity -MMD -MP -MF"Core/Src/stm32h7xx_hal_msp.d" -MT"Core/Src/stm32h7xx_hal_msp.o" --specs=nano.specs -mfpu=fpv5-d16 -mfloat-abi=hard -mthumb -o "Core/Src/stm32h7xx_hal_msp.o"
arm-none-eabi-gcc "../Core/Src/stm32h7xx_it.c" -mcpu=cortex-m7 -std=gnu11 -g3 -DDEBUG -DUSE_HAL_DRIVER -DSTM32H750xx -c -I../Core/Inc -I../Drivers/STM32H7xx_HAL_Driver/Inc -I../Drivers/STM32H7xx_HAL_Driver/Inc/Legacy -I../Drivers/CMSIS/Device/ST/STM32H7xx/Include -I../Drivers/CMSIS/Include -I../User/Inc -I../Drivers/lvgl -I../Middleware/LVGL -O0 -ffunction-sections -fdata-sections -Wall -fstack-usage -fcyclomatic-complexity -MMD -MP -MF"Core/Src/stm32h7xx_it.d" -MT"Core/Src/stm32h7xx_it.o" --specs=nano.specs -mfpu=fpv5-d16 -mfloat-abi=hard -mthumb -o "Core/Src/stm32h7xx_it.o"
arm-none-eabi-gcc "../Core/Src/syscalls.c" -mcpu=cortex-m7 -std=gnu11 -g3 -DDEBUG -DUSE_HAL_DRIVER -DSTM32H750xx -c -I../Core/Inc -I../Drivers/STM32H7xx_HAL_Driver/Inc -I../Drivers/STM32H7xx_HAL_Driver/Inc/Legacy -I../Drivers/CMSIS/Device/ST/STM32H7xx/Include -I../Drivers/CMSIS/Include -I../User/Inc -I../Drivers/lvgl -I../Middleware/LVGL -O0 -ffunction-sections -fdata-sections -Wall -fstack-usage -fcyclomatic-complexity -MMD -MP -MF"Core/Src/syscalls.d" -MT"Core/Src/syscalls.o" --specs=nano.specs -mfpu=fpv5-d16 -mfloat-abi=hard -mthumb -o "Core/Src/syscalls.o"
arm-none-eabi-gcc "../Core/Src/sysmem.c" -mcpu=cortex-m7 -std=gnu11 -g3 -DDEBUG -DUSE_HAL_DRIVER -DSTM32H750xx -c -I../Core/Inc -I../Drivers/STM32H7xx_HAL_Driver/Inc -I../Drivers/STM32H7xx_HAL_Driver/Inc/Legacy -I../Drivers/CMSIS/Device/ST/STM32H7xx/Include -I../Drivers/CMSIS/Include -I../User/Inc -I../Drivers/lvgl -I../Middleware/LVGL -O0 -ffunction-sections -fdata-sections -Wall -fstack-usage -fcyclomatic-complexity -MMD -MP -MF"Core/Src/sysmem.d" -MT"Core/Src/sysmem.o" --specs=nano.specs -mfpu=fpv5-d16 -mfloat-abi=hard -mthumb -o "Core/Src/sysmem.o"
arm-none-eabi-gcc "../Core/Src/system_stm32h7xx.c" -mcpu=cortex-m7 -std=gnu11 -g3 -DDEBUG -DUSE_HAL_DRIVER -DSTM32H750xx -c -I../Core/Inc -I../Drivers/STM32H7xx_HAL_Driver/Inc -I../Drivers/STM32H7xx_HAL_Driver/Inc/Legacy -I../Drivers/CMSIS/Device/ST/STM32H7xx/Include -I../Drivers/CMSIS/Include -I../User/Inc -I../Drivers/lvgl -I../Middleware/LVGL -O0 -ffunction-sections -fdata-sections -Wall -fstack-usage -fcyclomatic-complexity -MMD -MP -MF"Core/Src/system_stm32h7xx.d" -MT"Core/Src/system_stm32h7xx.o" --specs=nano.specs -mfpu=fpv5-d16 -mfloat-abi=hard -mthumb -o "Core/Src/system_stm32h7xx.o"
arm-none-eabi-gcc "../Core/Src/usart.c" -mcpu=cortex-m7 -std=gnu11 -g3 -DDEBUG -DUSE_HAL_DRIVER -DSTM32H750xx -c -I../Core/Inc -I../Drivers/STM32H7xx_HAL_Driver/Inc -I../Drivers/STM32H7xx_HAL_Driver/Inc/Legacy -I../Drivers/CMSIS/Device/ST/STM32H7xx/Include -I../Drivers/CMSIS/Include -I../User/Inc -I../Drivers/lvgl -I../Middleware/LVGL -O0 -ffunction-sections -fdata-sections -Wall -fstack-usage -fcyclomatic-complexity -MMD -MP -MF"Core/Src/usart.d" -MT"Core/Src/usart.o" --specs=nano.specs -mfpu=fpv5-d16 -mfloat-abi=hard -mthumb -o "Core/Src/usart.o"
arm-none-eabi-gcc -o "CubeMX_STM32H750VBT6.elf" @"objects.list"   -mcpu=cortex-m7 -T"C:\Users\YellowWenJie\STM32Cube\WorkSpace\CubeMX_STM32H750VBT6\STM32H750VBTX_FLASH.ld" --specs=nosys.specs -Wl,-Map="CubeMX_STM32H750VBT6.map" -Wl,--gc-sections -static --specs=nano.specs -mfpu=fpv5-d16 -mfloat-abi=hard -mthumb -Wl,--start-group -lc -lm -Wl,--end-group
Finished building target: CubeMX_STM32H750VBT6.elf
 
arm-none-eabi-size  CubeMX_STM32H750VBT6.elf 
arm-none-eabi-objdump -h -S CubeMX_STM32H750VBT6.elf  > "CubeMX_STM32H750VBT6.list"
arm-none-eabi-objcopy  -O ihex CubeMX_STM32H750VBT6.elf  "CubeMX_STM32H750VBT6.hex"
arm-none-eabi-objcopy  -O binary CubeMX_STM32H750VBT6.elf  "CubeMX_STM32H750VBT6.bin"
   text	   data	    bss	    dec	    hex	filename
  35576	     36	   4948	  40560	   9e70	CubeMX_STM32H750VBT6.elf
Finished building: default.size.stdout
 
Finished building: CubeMX_STM32H750VBT6.hex
Finished building: CubeMX_STM32H750VBT6.bin
 
 
Finished building: CubeMX_STM32H750VBT6.list
 
