../User/OLED/oled.c:19:6:WriteCmd	32	static
../User/OLED/oled.c:28:6:OLED_WR_CMD	32	static
../User/OLED/oled.c:33:6:OLED_WR_DATA	32	static
../User/OLED/oled.c:38:6:OLED_Init	8	static
../User/OLED/oled.c:45:6:OLED_Clear	16	static
../User/OLED/oled.c:58:6:OLED_Display_On	8	static
../User/OLED/oled.c:65:6:OLED_Display_Off	8	static
../User/OLED/oled.c:71:6:OLED_Set_Pos	16	static
../User/OLED/oled.c:78:6:OLED_On	16	static
../User/OLED/oled.c:90:14:oled_pow	24	static
../User/OLED/oled.c:103:6:OLED_ShowNum	24	static
../User/OLED/oled.c:128:6:OLED_ShowChar	32	static
../User/OLED/oled.c:155:6:OLED_ShowString	24	static
../User/OLED/oled.c:171:6:OLED_Draw12864BMP	24	static
../User/OLED/oled.c:191:6:OLED_ShowCHinese	24	static
